Archive member included to satisfy reference by file (symbol)

c:/mounriver/mounriver_studio2/resources/app/resources/win32/components/wch/toolchain/risc-v embedded gcc/bin/../lib/gcc/riscv-none-embed/8.2.0/../../../../riscv-none-embed/lib/rv32ecxw/ilp32e\libprintf.a(wchprintf.o)
                              ./User/main.o (printf)
c:/mounriver/mounriver_studio2/resources/app/resources/win32/components/wch/toolchain/risc-v embedded gcc/bin/../lib/gcc/riscv-none-embed/8.2.0/rv32ecxw/ilp32e\libgcc.a(save-restore.o)
                              ./User/buzzer.o (__riscv_save_2)
c:/mounriver/mounriver_studio2/resources/app/resources/win32/components/wch/toolchain/risc-v embedded gcc/bin/../lib/gcc/riscv-none-embed/8.2.0/rv32ecxw/ilp32e\libgcc.a(muldi3.o)
                              ./User/buzzer.o (__mulsi3)
c:/mounriver/mounriver_studio2/resources/app/resources/win32/components/wch/toolchain/risc-v embedded gcc/bin/../lib/gcc/riscv-none-embed/8.2.0/rv32ecxw/ilp32e\libgcc.a(div.o)
                              ./User/buzzer.o (__divsi3)

Discarded input sections

 .text          0x0000000000000000        0x0 ./User/buzzer.o
 .data          0x0000000000000000        0x0 ./User/buzzer.o
 .bss           0x0000000000000000        0x0 ./User/buzzer.o
 .text.buzzer_error
                0x0000000000000000       0x30 ./User/buzzer.o
 .text.buzzer_error_strong
                0x0000000000000000       0x3c ./User/buzzer.o
 .text.buzzer_warning_double
                0x0000000000000000       0x3c ./User/buzzer.o
 .text.buzzer_success_long
                0x0000000000000000       0x40 ./User/buzzer.o
 .text.buzzer_critical
                0x0000000000000000       0x32 ./User/buzzer.o
 .text.buzzer_access_denied
                0x0000000000000000       0x30 ./User/buzzer.o
 .text.buzzer_notify
                0x0000000000000000       0x30 ./User/buzzer.o
 .text.buzzer_android_notify
                0x0000000000000000       0x30 ./User/buzzer.o
 .text.buzzer_microwave_done
                0x0000000000000000       0x3c ./User/buzzer.o
 .text.buzzer_winxp_msg
                0x0000000000000000       0x40 ./User/buzzer.o
 .text.buzzer_charging
                0x0000000000000000       0x30 ./User/buzzer.o
 .text          0x0000000000000000        0x0 ./User/ch32v00x_it.o
 .data          0x0000000000000000        0x0 ./User/ch32v00x_it.o
 .bss           0x0000000000000000        0x0 ./User/ch32v00x_it.o
 .text          0x0000000000000000        0x0 ./User/init.o
 .data          0x0000000000000000        0x0 ./User/init.o
 .bss           0x0000000000000000        0x0 ./User/init.o
 .group         0x0000000000000000        0xc ./User/main.o
 .group         0x0000000000000000        0xc ./User/main.o
 .text          0x0000000000000000        0x0 ./User/main.o
 .data          0x0000000000000000        0x0 ./User/main.o
 .bss           0x0000000000000000        0x0 ./User/main.o
 .eh_frame      0x0000000000000000      0x11c ./User/main.o
 .group         0x0000000000000000        0xc ./User/screens.o
 .group         0x0000000000000000        0xc ./User/screens.o
 .text          0x0000000000000000        0x0 ./User/screens.o
 .data          0x0000000000000000        0x0 ./User/screens.o
 .bss           0x0000000000000000        0x0 ./User/screens.o
 .text._ZN7uEeprom3getEv
                0x0000000000000000       0x44 ./User/screens.o
 .eh_frame      0x0000000000000000      0x168 ./User/screens.o
 .text          0x0000000000000000        0x0 ./User/system_ch32v00x.o
 .data          0x0000000000000000        0x0 ./User/system_ch32v00x.o
 .bss           0x0000000000000000        0x0 ./User/system_ch32v00x.o
 .text          0x0000000000000000        0x0 ./Startup/startup_ch32v00x.o
 .data          0x0000000000000000        0x0 ./Startup/startup_ch32v00x.o
 .bss           0x0000000000000000        0x0 ./Startup/startup_ch32v00x.o
 .text          0x0000000000000000        0x0 ./Peripheral/src/ch32v00x_adc.o
 .data          0x0000000000000000        0x0 ./Peripheral/src/ch32v00x_adc.o
 .bss           0x0000000000000000        0x0 ./Peripheral/src/ch32v00x_adc.o
 .text.ADC_DeInit
                0x0000000000000000       0x3a ./Peripheral/src/ch32v00x_adc.o
 .text.ADC_Init
                0x0000000000000000       0x4e ./Peripheral/src/ch32v00x_adc.o
 .text.ADC_StructInit
                0x0000000000000000       0x1a ./Peripheral/src/ch32v00x_adc.o
 .text.ADC_Cmd  0x0000000000000000       0x10 ./Peripheral/src/ch32v00x_adc.o
 .text.ADC_DMACmd
                0x0000000000000000       0x12 ./Peripheral/src/ch32v00x_adc.o
 .text.ADC_ITConfig
                0x0000000000000000       0x16 ./Peripheral/src/ch32v00x_adc.o
 .text.ADC_ResetCalibration
                0x0000000000000000        0xa ./Peripheral/src/ch32v00x_adc.o
 .text.ADC_GetResetCalibrationStatus
                0x0000000000000000        0x8 ./Peripheral/src/ch32v00x_adc.o
 .text.ADC_StartCalibration
                0x0000000000000000        0xa ./Peripheral/src/ch32v00x_adc.o
 .text.ADC_GetCalibrationStatus
                0x0000000000000000        0x8 ./Peripheral/src/ch32v00x_adc.o
 .text.ADC_SoftwareStartConvCmd
                0x0000000000000000       0x18 ./Peripheral/src/ch32v00x_adc.o
 .text.ADC_GetSoftwareStartConvStatus
                0x0000000000000000        0x8 ./Peripheral/src/ch32v00x_adc.o
 .text.ADC_DiscModeChannelCountConfig
                0x0000000000000000       0x12 ./Peripheral/src/ch32v00x_adc.o
 .text.ADC_DiscModeCmd
                0x0000000000000000       0x1a ./Peripheral/src/ch32v00x_adc.o
 .text.ADC_RegularChannelConfig
                0x0000000000000000       0xba ./Peripheral/src/ch32v00x_adc.o
 .text.ADC_ExternalTrigConvCmd
                0x0000000000000000       0x18 ./Peripheral/src/ch32v00x_adc.o
 .text.ADC_GetConversionValue
                0x0000000000000000        0x8 ./Peripheral/src/ch32v00x_adc.o
 .text.ADC_AutoInjectedConvCmd
                0x0000000000000000       0x12 ./Peripheral/src/ch32v00x_adc.o
 .text.ADC_InjectedDiscModeCmd
                0x0000000000000000       0x14 ./Peripheral/src/ch32v00x_adc.o
 .text.ADC_ExternalTrigInjectedConvConfig
                0x0000000000000000        0xe ./Peripheral/src/ch32v00x_adc.o
 .text.ADC_ExternalTrigInjectedConvCmd
                0x0000000000000000       0x14 ./Peripheral/src/ch32v00x_adc.o
 .text.ADC_SoftwareStartInjectedConvCmd
                0x0000000000000000       0x18 ./Peripheral/src/ch32v00x_adc.o
 .text.ADC_GetSoftwareStartInjectedConvCmdStatus
                0x0000000000000000        0x8 ./Peripheral/src/ch32v00x_adc.o
 .text.ADC_InjectedChannelConfig
                0x0000000000000000       0x7a ./Peripheral/src/ch32v00x_adc.o
 .text.ADC_InjectedSequencerLengthConfig
                0x0000000000000000       0x14 ./Peripheral/src/ch32v00x_adc.o
 .text.ADC_SetInjectedOffset
                0x0000000000000000       0x14 ./Peripheral/src/ch32v00x_adc.o
 .text.ADC_GetInjectedConversionValue
                0x0000000000000000       0x1c ./Peripheral/src/ch32v00x_adc.o
 .text.ADC_AnalogWatchdogCmd
                0x0000000000000000       0x12 ./Peripheral/src/ch32v00x_adc.o
 .text.ADC_AnalogWatchdogThresholdsConfig
                0x0000000000000000        0x6 ./Peripheral/src/ch32v00x_adc.o
 .text.ADC_AnalogWatchdogSingleChannelConfig
                0x0000000000000000        0xa ./Peripheral/src/ch32v00x_adc.o
 .text.ADC_GetFlagStatus
                0x0000000000000000        0xa ./Peripheral/src/ch32v00x_adc.o
 .text.ADC_ClearFlag
                0x0000000000000000        0x8 ./Peripheral/src/ch32v00x_adc.o
 .text.ADC_GetITStatus
                0x0000000000000000       0x1c ./Peripheral/src/ch32v00x_adc.o
 .text.ADC_ClearITPendingBit
                0x0000000000000000        0xa ./Peripheral/src/ch32v00x_adc.o
 .text.ADC_Calibration_Vol
                0x0000000000000000       0x14 ./Peripheral/src/ch32v00x_adc.o
 .text.ADC_ExternalTrig_DLY
                0x0000000000000000       0x16 ./Peripheral/src/ch32v00x_adc.o
 .debug_info    0x0000000000000000     0x157a ./Peripheral/src/ch32v00x_adc.o
 .debug_abbrev  0x0000000000000000      0x307 ./Peripheral/src/ch32v00x_adc.o
 .debug_loc     0x0000000000000000      0x9fa ./Peripheral/src/ch32v00x_adc.o
 .debug_aranges
                0x0000000000000000      0x138 ./Peripheral/src/ch32v00x_adc.o
 .debug_ranges  0x0000000000000000      0x128 ./Peripheral/src/ch32v00x_adc.o
 .debug_line    0x0000000000000000     0x14b3 ./Peripheral/src/ch32v00x_adc.o
 .debug_str     0x0000000000000000      0xbed ./Peripheral/src/ch32v00x_adc.o
 .comment       0x0000000000000000       0x34 ./Peripheral/src/ch32v00x_adc.o
 .debug_frame   0x0000000000000000      0x26c ./Peripheral/src/ch32v00x_adc.o
 .text          0x0000000000000000        0x0 ./Peripheral/src/ch32v00x_dbgmcu.o
 .data          0x0000000000000000        0x0 ./Peripheral/src/ch32v00x_dbgmcu.o
 .bss           0x0000000000000000        0x0 ./Peripheral/src/ch32v00x_dbgmcu.o
 .text.DBGMCU_GetREVID
                0x0000000000000000        0xa ./Peripheral/src/ch32v00x_dbgmcu.o
 .text.DBGMCU_GetDEVID
                0x0000000000000000        0xa ./Peripheral/src/ch32v00x_dbgmcu.o
 .text.__get_DEBUG_CR
                0x0000000000000000        0x6 ./Peripheral/src/ch32v00x_dbgmcu.o
 .text.__set_DEBUG_CR
                0x0000000000000000        0x6 ./Peripheral/src/ch32v00x_dbgmcu.o
 .text.DBGMCU_Config
                0x0000000000000000       0x14 ./Peripheral/src/ch32v00x_dbgmcu.o
 .text.DBGMCU_GetCHIPID
                0x0000000000000000        0xa ./Peripheral/src/ch32v00x_dbgmcu.o
 .debug_info    0x0000000000000000      0xb00 ./Peripheral/src/ch32v00x_dbgmcu.o
 .debug_abbrev  0x0000000000000000      0x2f7 ./Peripheral/src/ch32v00x_dbgmcu.o
 .debug_loc     0x0000000000000000       0x7c ./Peripheral/src/ch32v00x_dbgmcu.o
 .debug_aranges
                0x0000000000000000       0x48 ./Peripheral/src/ch32v00x_dbgmcu.o
 .debug_ranges  0x0000000000000000       0x50 ./Peripheral/src/ch32v00x_dbgmcu.o
 .debug_line    0x0000000000000000      0x407 ./Peripheral/src/ch32v00x_dbgmcu.o
 .debug_str     0x0000000000000000      0x6bd ./Peripheral/src/ch32v00x_dbgmcu.o
 .comment       0x0000000000000000       0x34 ./Peripheral/src/ch32v00x_dbgmcu.o
 .debug_frame   0x0000000000000000       0x70 ./Peripheral/src/ch32v00x_dbgmcu.o
 .text          0x0000000000000000        0x0 ./Peripheral/src/ch32v00x_dma.o
 .data          0x0000000000000000        0x0 ./Peripheral/src/ch32v00x_dma.o
 .bss           0x0000000000000000        0x0 ./Peripheral/src/ch32v00x_dma.o
 .text.DMA_DeInit
                0x0000000000000000       0x92 ./Peripheral/src/ch32v00x_dma.o
 .text.DMA_Init
                0x0000000000000000       0x38 ./Peripheral/src/ch32v00x_dma.o
 .text.DMA_StructInit
                0x0000000000000000       0x2e ./Peripheral/src/ch32v00x_dma.o
 .text.DMA_Cmd  0x0000000000000000       0x14 ./Peripheral/src/ch32v00x_dma.o
 .text.DMA_ITConfig
                0x0000000000000000       0x12 ./Peripheral/src/ch32v00x_dma.o
 .text.DMA_SetCurrDataCounter
                0x0000000000000000        0x4 ./Peripheral/src/ch32v00x_dma.o
 .text.DMA_GetCurrDataCounter
                0x0000000000000000        0x8 ./Peripheral/src/ch32v00x_dma.o
 .text.DMA_GetFlagStatus
                0x0000000000000000        0xe ./Peripheral/src/ch32v00x_dma.o
 .text.DMA_ClearFlag
                0x0000000000000000        0x8 ./Peripheral/src/ch32v00x_dma.o
 .text.DMA_GetITStatus
                0x0000000000000000       0x18 ./Peripheral/src/ch32v00x_dma.o
 .text.DMA_ClearITPendingBit
                0x0000000000000000        0x8 ./Peripheral/src/ch32v00x_dma.o
 .debug_info    0x0000000000000000      0xd6b ./Peripheral/src/ch32v00x_dma.o
 .debug_abbrev  0x0000000000000000      0x302 ./Peripheral/src/ch32v00x_dma.o
 .debug_loc     0x0000000000000000      0x14a ./Peripheral/src/ch32v00x_dma.o
 .debug_aranges
                0x0000000000000000       0x60 ./Peripheral/src/ch32v00x_dma.o
 .debug_ranges  0x0000000000000000       0x50 ./Peripheral/src/ch32v00x_dma.o
 .debug_line    0x0000000000000000      0x80e ./Peripheral/src/ch32v00x_dma.o
 .debug_str     0x0000000000000000      0x856 ./Peripheral/src/ch32v00x_dma.o
 .comment       0x0000000000000000       0x34 ./Peripheral/src/ch32v00x_dma.o
 .debug_frame   0x0000000000000000       0xcc ./Peripheral/src/ch32v00x_dma.o
 .text          0x0000000000000000        0x0 ./Peripheral/src/ch32v00x_exti.o
 .data          0x0000000000000000        0x0 ./Peripheral/src/ch32v00x_exti.o
 .bss           0x0000000000000000        0x0 ./Peripheral/src/ch32v00x_exti.o
 .text.EXTI_DeInit
                0x0000000000000000       0x22 ./Peripheral/src/ch32v00x_exti.o
 .text.EXTI_StructInit
                0x0000000000000000       0x12 ./Peripheral/src/ch32v00x_exti.o
 .text.EXTI_GenerateSWInterrupt
                0x0000000000000000       0x10 ./Peripheral/src/ch32v00x_exti.o
 .text.EXTI_GetFlagStatus
                0x0000000000000000       0x12 ./Peripheral/src/ch32v00x_exti.o
 .text.EXTI_ClearFlag
                0x0000000000000000        0xa ./Peripheral/src/ch32v00x_exti.o
 .text.EXTI_GetITStatus
                0x0000000000000000       0x1e ./Peripheral/src/ch32v00x_exti.o
 .text.EXTI_ClearITPendingBit
                0x0000000000000000        0xa ./Peripheral/src/ch32v00x_exti.o
 .text          0x0000000000000000        0x0 ./Peripheral/src/ch32v00x_flash.o
 .data          0x0000000000000000        0x0 ./Peripheral/src/ch32v00x_flash.o
 .bss           0x0000000000000000        0x0 ./Peripheral/src/ch32v00x_flash.o
 .text.ROM_ERASE
                0x0000000000000000       0x60 ./Peripheral/src/ch32v00x_flash.o
 .text.FLASH_SetLatency
                0x0000000000000000        0xe ./Peripheral/src/ch32v00x_flash.o
 .text.FLASH_GetUserOptionByte
                0x0000000000000000        0xa ./Peripheral/src/ch32v00x_flash.o
 .text.FLASH_GetWriteProtectionOptionByte
                0x0000000000000000        0x8 ./Peripheral/src/ch32v00x_flash.o
 .text.FLASH_GetReadOutProtectionStatus
                0x0000000000000000        0xc ./Peripheral/src/ch32v00x_flash.o
 .text.FLASH_ITConfig
                0x0000000000000000       0x1e ./Peripheral/src/ch32v00x_flash.o
 .text.FLASH_GetFlagStatus
                0x0000000000000000       0x1e ./Peripheral/src/ch32v00x_flash.o
 .text.FLASH_ClearFlag
                0x0000000000000000        0x8 ./Peripheral/src/ch32v00x_flash.o
 .text.FLASH_GetStatus
                0x0000000000000000       0x18 ./Peripheral/src/ch32v00x_flash.o
 .text.FLASH_ErasePage
                0x0000000000000000       0x4c ./Peripheral/src/ch32v00x_flash.o
 .text.FLASH_EraseAllPages
                0x0000000000000000       0x48 ./Peripheral/src/ch32v00x_flash.o
 .text.FLASH_EraseOptionBytes
                0x0000000000000000       0x9a ./Peripheral/src/ch32v00x_flash.o
 .text.FLASH_ProgramWord
                0x0000000000000000       0x6e ./Peripheral/src/ch32v00x_flash.o
 .text.FLASH_ProgramOptionByteData
                0x0000000000000000       0x66 ./Peripheral/src/ch32v00x_flash.o
 .text.FLASH_EnableWriteProtection
                0x0000000000000000       0x9e ./Peripheral/src/ch32v00x_flash.o
 .text.FLASH_ReadOutProtection
                0x0000000000000000       0xae ./Peripheral/src/ch32v00x_flash.o
 .text.FLASH_UserOptionByteConfig
                0x0000000000000000       0x7a ./Peripheral/src/ch32v00x_flash.o
 .text.FLASH_WaitForLastBank1Operation
                0x0000000000000000       0x18 ./Peripheral/src/ch32v00x_flash.o
 .text.FLASH_Unlock_Fast
                0x0000000000000000       0x1e ./Peripheral/src/ch32v00x_flash.o
 .text.FLASH_Lock_Fast
                0x0000000000000000        0xe ./Peripheral/src/ch32v00x_flash.o
 .text.FLASH_BufReset
                0x0000000000000000       0x28 ./Peripheral/src/ch32v00x_flash.o
 .text.FLASH_BufLoad
                0x0000000000000000       0x36 ./Peripheral/src/ch32v00x_flash.o
 .text.FLASH_ProgramPage_Fast
                0x0000000000000000       0x34 ./Peripheral/src/ch32v00x_flash.o
 .text.SystemReset_StartMode
                0x0000000000000000       0x56 ./Peripheral/src/ch32v00x_flash.o
 .text.FLASH_ROM_ERASE
                0x0000000000000000      0x140 ./Peripheral/src/ch32v00x_flash.o
 .text.FLASH_ROM_WRITE
                0x0000000000000000       0xf6 ./Peripheral/src/ch32v00x_flash.o
 .text          0x0000000000000000        0x0 ./Peripheral/src/ch32v00x_gpio.o
 .data          0x0000000000000000        0x0 ./Peripheral/src/ch32v00x_gpio.o
 .bss           0x0000000000000000        0x0 ./Peripheral/src/ch32v00x_gpio.o
 .text.GPIO_DeInit
                0x0000000000000000       0x68 ./Peripheral/src/ch32v00x_gpio.o
 .text.GPIO_AFIODeInit
                0x0000000000000000       0x28 ./Peripheral/src/ch32v00x_gpio.o
 .text.GPIO_StructInit
                0x0000000000000000        0xe ./Peripheral/src/ch32v00x_gpio.o
 .text.GPIO_ReadInputData
                0x0000000000000000        0x8 ./Peripheral/src/ch32v00x_gpio.o
 .text.GPIO_ReadOutputDataBit
                0x0000000000000000        0xa ./Peripheral/src/ch32v00x_gpio.o
 .text.GPIO_ReadOutputData
                0x0000000000000000        0x8 ./Peripheral/src/ch32v00x_gpio.o
 .text.GPIO_SetBits
                0x0000000000000000        0x4 ./Peripheral/src/ch32v00x_gpio.o
 .text.GPIO_ResetBits
                0x0000000000000000        0x4 ./Peripheral/src/ch32v00x_gpio.o
 .text.GPIO_Write
                0x0000000000000000        0x4 ./Peripheral/src/ch32v00x_gpio.o
 .text.GPIO_PinLockConfig
                0x0000000000000000       0x10 ./Peripheral/src/ch32v00x_gpio.o
 .text.GPIO_IPD_Unused
                0x0000000000000000       0xa4 ./Peripheral/src/ch32v00x_gpio.o
 .text          0x0000000000000000        0x0 ./Peripheral/src/ch32v00x_i2c.o
 .data          0x0000000000000000        0x0 ./Peripheral/src/ch32v00x_i2c.o
 .bss           0x0000000000000000        0x0 ./Peripheral/src/ch32v00x_i2c.o
 .text.I2C_DeInit
                0x0000000000000000       0x3a ./Peripheral/src/ch32v00x_i2c.o
 .text.I2C_Init
                0x0000000000000000      0x100 ./Peripheral/src/ch32v00x_i2c.o
 .text.I2C_StructInit
                0x0000000000000000       0x18 ./Peripheral/src/ch32v00x_i2c.o
 .text.I2C_Cmd  0x0000000000000000       0x18 ./Peripheral/src/ch32v00x_i2c.o
 .text.I2C_DMACmd
                0x0000000000000000       0x1e ./Peripheral/src/ch32v00x_i2c.o
 .text.I2C_DMALastTransferCmd
                0x0000000000000000       0x16 ./Peripheral/src/ch32v00x_i2c.o
 .text.I2C_GenerateSTART
                0x0000000000000000       0x1a ./Peripheral/src/ch32v00x_i2c.o
 .text.I2C_GenerateSTOP
                0x0000000000000000       0x1a ./Peripheral/src/ch32v00x_i2c.o
 .text.I2C_AcknowledgeConfig
                0x0000000000000000       0x1a ./Peripheral/src/ch32v00x_i2c.o
 .text.I2C_OwnAddress2Config
                0x0000000000000000       0x14 ./Peripheral/src/ch32v00x_i2c.o
 .text.I2C_DualAddressCmd
                0x0000000000000000       0x18 ./Peripheral/src/ch32v00x_i2c.o
 .text.I2C_GeneralCallCmd
                0x0000000000000000       0x1a ./Peripheral/src/ch32v00x_i2c.o
 .text.I2C_ITConfig
                0x0000000000000000       0x12 ./Peripheral/src/ch32v00x_i2c.o
 .text.I2C_SendData
                0x0000000000000000        0x4 ./Peripheral/src/ch32v00x_i2c.o
 .text.I2C_ReceiveData
                0x0000000000000000        0x8 ./Peripheral/src/ch32v00x_i2c.o
 .text.I2C_Send7bitAddress
                0x0000000000000000       0x12 ./Peripheral/src/ch32v00x_i2c.o
 .text.I2C_ReadRegister
                0x0000000000000000       0x14 ./Peripheral/src/ch32v00x_i2c.o
 .text.I2C_SoftwareResetCmd
                0x0000000000000000       0x12 ./Peripheral/src/ch32v00x_i2c.o
 .text.I2C_NACKPositionConfig
                0x0000000000000000       0x22 ./Peripheral/src/ch32v00x_i2c.o
 .text.I2C_TransmitPEC
                0x0000000000000000       0x16 ./Peripheral/src/ch32v00x_i2c.o
 .text.I2C_PECPositionConfig
                0x0000000000000000       0x18 ./Peripheral/src/ch32v00x_i2c.o
 .text.I2C_CalculatePEC
                0x0000000000000000       0x1a ./Peripheral/src/ch32v00x_i2c.o
 .text.I2C_GetPEC
                0x0000000000000000        0x6 ./Peripheral/src/ch32v00x_i2c.o
 .text.I2C_ARPCmd
                0x0000000000000000       0x18 ./Peripheral/src/ch32v00x_i2c.o
 .text.I2C_StretchClockCmd
                0x0000000000000000       0x1a ./Peripheral/src/ch32v00x_i2c.o
 .text.I2C_FastModeDutyCycleConfig
                0x0000000000000000       0x1a ./Peripheral/src/ch32v00x_i2c.o
 .text.I2C_CheckEvent
                0x0000000000000000       0x16 ./Peripheral/src/ch32v00x_i2c.o
 .text.I2C_GetLastEvent
                0x0000000000000000        0xe ./Peripheral/src/ch32v00x_i2c.o
 .text.I2C_GetFlagStatus
                0x0000000000000000       0x32 ./Peripheral/src/ch32v00x_i2c.o
 .text.I2C_ClearFlag
                0x0000000000000000        0xc ./Peripheral/src/ch32v00x_i2c.o
 .text.I2C_GetITStatus
                0x0000000000000000       0x20 ./Peripheral/src/ch32v00x_i2c.o
 .text.I2C_ClearITPendingBit
                0x0000000000000000        0xc ./Peripheral/src/ch32v00x_i2c.o
 .debug_info    0x0000000000000000     0x146b ./Peripheral/src/ch32v00x_i2c.o
 .debug_abbrev  0x0000000000000000      0x3a7 ./Peripheral/src/ch32v00x_i2c.o
 .debug_loc     0x0000000000000000      0x720 ./Peripheral/src/ch32v00x_i2c.o
 .debug_aranges
                0x0000000000000000      0x108 ./Peripheral/src/ch32v00x_i2c.o
 .debug_ranges  0x0000000000000000       0xf8 ./Peripheral/src/ch32v00x_i2c.o
 .debug_line    0x0000000000000000     0x10f5 ./Peripheral/src/ch32v00x_i2c.o
 .debug_str     0x0000000000000000      0xb15 ./Peripheral/src/ch32v00x_i2c.o
 .comment       0x0000000000000000       0x34 ./Peripheral/src/ch32v00x_i2c.o
 .debug_frame   0x0000000000000000      0x254 ./Peripheral/src/ch32v00x_i2c.o
 .text          0x0000000000000000        0x0 ./Peripheral/src/ch32v00x_iwdg.o
 .data          0x0000000000000000        0x0 ./Peripheral/src/ch32v00x_iwdg.o
 .bss           0x0000000000000000        0x0 ./Peripheral/src/ch32v00x_iwdg.o
 .text.IWDG_WriteAccessCmd
                0x0000000000000000        0x8 ./Peripheral/src/ch32v00x_iwdg.o
 .text.IWDG_SetPrescaler
                0x0000000000000000        0x8 ./Peripheral/src/ch32v00x_iwdg.o
 .text.IWDG_SetReload
                0x0000000000000000        0x8 ./Peripheral/src/ch32v00x_iwdg.o
 .text.IWDG_ReloadCounter
                0x0000000000000000        0xe ./Peripheral/src/ch32v00x_iwdg.o
 .text.IWDG_Enable
                0x0000000000000000       0x18 ./Peripheral/src/ch32v00x_iwdg.o
 .text.IWDG_GetFlagStatus
                0x0000000000000000        0xe ./Peripheral/src/ch32v00x_iwdg.o
 .debug_info    0x0000000000000000      0xb9a ./Peripheral/src/ch32v00x_iwdg.o
 .debug_abbrev  0x0000000000000000      0x282 ./Peripheral/src/ch32v00x_iwdg.o
 .debug_loc     0x0000000000000000       0x68 ./Peripheral/src/ch32v00x_iwdg.o
 .debug_aranges
                0x0000000000000000       0x48 ./Peripheral/src/ch32v00x_iwdg.o
 .debug_ranges  0x0000000000000000       0x38 ./Peripheral/src/ch32v00x_iwdg.o
 .debug_line    0x0000000000000000      0x466 ./Peripheral/src/ch32v00x_iwdg.o
 .debug_str     0x0000000000000000      0x75c ./Peripheral/src/ch32v00x_iwdg.o
 .comment       0x0000000000000000       0x34 ./Peripheral/src/ch32v00x_iwdg.o
 .debug_frame   0x0000000000000000       0x70 ./Peripheral/src/ch32v00x_iwdg.o
 .text          0x0000000000000000        0x0 ./Peripheral/src/ch32v00x_misc.o
 .data          0x0000000000000000        0x0 ./Peripheral/src/ch32v00x_misc.o
 .bss           0x0000000000000000        0x0 ./Peripheral/src/ch32v00x_misc.o
 .text.NVIC_Init
                0x0000000000000000       0x66 ./Peripheral/src/ch32v00x_misc.o
 .text          0x0000000000000000        0x0 ./Peripheral/src/ch32v00x_opa.o
 .data          0x0000000000000000        0x0 ./Peripheral/src/ch32v00x_opa.o
 .bss           0x0000000000000000        0x0 ./Peripheral/src/ch32v00x_opa.o
 .text.OPA_DeInit
                0x0000000000000000       0x16 ./Peripheral/src/ch32v00x_opa.o
 .text.OPA_Init
                0x0000000000000000       0x22 ./Peripheral/src/ch32v00x_opa.o
 .text.OPA_StructInit
                0x0000000000000000        0xa ./Peripheral/src/ch32v00x_opa.o
 .text.OPA_Cmd  0x0000000000000000       0x2c ./Peripheral/src/ch32v00x_opa.o
 .debug_info    0x0000000000000000      0xb11 ./Peripheral/src/ch32v00x_opa.o
 .debug_abbrev  0x0000000000000000      0x230 ./Peripheral/src/ch32v00x_opa.o
 .debug_loc     0x0000000000000000       0x35 ./Peripheral/src/ch32v00x_opa.o
 .debug_aranges
                0x0000000000000000       0x38 ./Peripheral/src/ch32v00x_opa.o
 .debug_ranges  0x0000000000000000       0x28 ./Peripheral/src/ch32v00x_opa.o
 .debug_line    0x0000000000000000      0x45c ./Peripheral/src/ch32v00x_opa.o
 .debug_str     0x0000000000000000      0x6e4 ./Peripheral/src/ch32v00x_opa.o
 .comment       0x0000000000000000       0x34 ./Peripheral/src/ch32v00x_opa.o
 .debug_frame   0x0000000000000000       0x50 ./Peripheral/src/ch32v00x_opa.o
 .text          0x0000000000000000        0x0 ./Peripheral/src/ch32v00x_pwr.o
 .data          0x0000000000000000        0x0 ./Peripheral/src/ch32v00x_pwr.o
 .bss           0x0000000000000000        0x0 ./Peripheral/src/ch32v00x_pwr.o
 .text.PWR_DeInit
                0x0000000000000000       0x2c ./Peripheral/src/ch32v00x_pwr.o
 .text.PWR_PVDCmd
                0x0000000000000000       0x14 ./Peripheral/src/ch32v00x_pwr.o
 .text.PWR_PVDLevelConfig
                0x0000000000000000       0x10 ./Peripheral/src/ch32v00x_pwr.o
 .text.PWR_AutoWakeUpCmd
                0x0000000000000000       0x14 ./Peripheral/src/ch32v00x_pwr.o
 .text.PWR_AWU_SetPrescaler
                0x0000000000000000        0xe ./Peripheral/src/ch32v00x_pwr.o
 .text.PWR_AWU_SetWindowValue
                0x0000000000000000       0x1e ./Peripheral/src/ch32v00x_pwr.o
 .text.PWR_GetFlagStatus
                0x0000000000000000        0xe ./Peripheral/src/ch32v00x_pwr.o
 .text          0x0000000000000000        0x0 ./Peripheral/src/ch32v00x_rcc.o
 .data          0x0000000000000000        0x0 ./Peripheral/src/ch32v00x_rcc.o
 .bss           0x0000000000000000        0x0 ./Peripheral/src/ch32v00x_rcc.o
 .text.RCC_HSEConfig
                0x0000000000000000       0x3c ./Peripheral/src/ch32v00x_rcc.o
 .text.RCC_DeInit
                0x0000000000000000       0x58 ./Peripheral/src/ch32v00x_rcc.o
 .text.RCC_HSICmd
                0x0000000000000000       0x14 ./Peripheral/src/ch32v00x_rcc.o
 .text.RCC_PLLConfig
                0x0000000000000000       0x12 ./Peripheral/src/ch32v00x_rcc.o
 .text.RCC_PLLCmd
                0x0000000000000000       0x24 ./Peripheral/src/ch32v00x_rcc.o
 .text.RCC_SYSCLKConfig
                0x0000000000000000       0x4e ./Peripheral/src/ch32v00x_rcc.o
 .text.RCC_GetSYSCLKSource
                0x0000000000000000        0xa ./Peripheral/src/ch32v00x_rcc.o
 .text.RCC_HCLKConfig
                0x0000000000000000       0x10 ./Peripheral/src/ch32v00x_rcc.o
 .text.RCC_ITConfig
                0x0000000000000000       0x16 ./Peripheral/src/ch32v00x_rcc.o
 .text.RCC_ADCCLKConfig
                0x0000000000000000       0x14 ./Peripheral/src/ch32v00x_rcc.o
 .text.RCC_LSICmd
                0x0000000000000000       0x14 ./Peripheral/src/ch32v00x_rcc.o
 .text.RCC_AHBPeriphClockCmd
                0x0000000000000000       0x1e ./Peripheral/src/ch32v00x_rcc.o
 .text.RCC_APB2PeriphResetCmd
                0x0000000000000000       0x1e ./Peripheral/src/ch32v00x_rcc.o
 .text.RCC_APB1PeriphResetCmd
                0x0000000000000000       0x1e ./Peripheral/src/ch32v00x_rcc.o
 .text.RCC_ClockSecuritySystemCmd
                0x0000000000000000       0x24 ./Peripheral/src/ch32v00x_rcc.o
 .text.RCC_MCOConfig
                0x0000000000000000        0x8 ./Peripheral/src/ch32v00x_rcc.o
 .text.RCC_GetFlagStatus
                0x0000000000000000       0x20 ./Peripheral/src/ch32v00x_rcc.o
 .text.RCC_WaitForHSEStartUp
                0x0000000000000000       0x42 ./Peripheral/src/ch32v00x_rcc.o
 .text.RCC_ClearFlag
                0x0000000000000000       0x10 ./Peripheral/src/ch32v00x_rcc.o
 .text.RCC_GetITStatus
                0x0000000000000000        0xe ./Peripheral/src/ch32v00x_rcc.o
 .text.RCC_ClearITPendingBit
                0x0000000000000000        0x8 ./Peripheral/src/ch32v00x_rcc.o
 .text          0x0000000000000000        0x0 ./Peripheral/src/ch32v00x_spi.o
 .data          0x0000000000000000        0x0 ./Peripheral/src/ch32v00x_spi.o
 .bss           0x0000000000000000        0x0 ./Peripheral/src/ch32v00x_spi.o
 .text.SPI_I2S_DeInit
                0x0000000000000000       0x32 ./Peripheral/src/ch32v00x_spi.o
 .text.SPI_Init
                0x0000000000000000       0x32 ./Peripheral/src/ch32v00x_spi.o
 .text.SPI_StructInit
                0x0000000000000000       0x16 ./Peripheral/src/ch32v00x_spi.o
 .text.SPI_Cmd  0x0000000000000000       0x1a ./Peripheral/src/ch32v00x_spi.o
 .text.SPI_I2S_ITConfig
                0x0000000000000000       0x1e ./Peripheral/src/ch32v00x_spi.o
 .text.SPI_I2S_DMACmd
                0x0000000000000000       0x12 ./Peripheral/src/ch32v00x_spi.o
 .text.SPI_I2S_SendData
                0x0000000000000000        0x4 ./Peripheral/src/ch32v00x_spi.o
 .text.SPI_I2S_ReceiveData
                0x0000000000000000        0x4 ./Peripheral/src/ch32v00x_spi.o
 .text.SPI_NSSInternalSoftwareConfig
                0x0000000000000000       0x24 ./Peripheral/src/ch32v00x_spi.o
 .text.SPI_SSOutputCmd
                0x0000000000000000       0x18 ./Peripheral/src/ch32v00x_spi.o
 .text.SPI_DataSizeConfig
                0x0000000000000000       0x14 ./Peripheral/src/ch32v00x_spi.o
 .text.SPI_TransmitCRC
                0x0000000000000000        0xa ./Peripheral/src/ch32v00x_spi.o
 .text.SPI_CalculateCRC
                0x0000000000000000       0x16 ./Peripheral/src/ch32v00x_spi.o
 .text.SPI_GetCRC
                0x0000000000000000       0x12 ./Peripheral/src/ch32v00x_spi.o
 .text.SPI_GetCRCPolynomial
                0x0000000000000000        0x4 ./Peripheral/src/ch32v00x_spi.o
 .text.SPI_BiDirectionalLineConfig
                0x0000000000000000       0x1a ./Peripheral/src/ch32v00x_spi.o
 .text.SPI_I2S_GetFlagStatus
                0x0000000000000000        0xa ./Peripheral/src/ch32v00x_spi.o
 .text.SPI_I2S_ClearFlag
                0x0000000000000000        0xc ./Peripheral/src/ch32v00x_spi.o
 .text.SPI_I2S_GetITStatus
                0x0000000000000000       0x28 ./Peripheral/src/ch32v00x_spi.o
 .text.SPI_I2S_ClearITPendingBit
                0x0000000000000000       0x14 ./Peripheral/src/ch32v00x_spi.o
 .debug_info    0x0000000000000000     0x10bc ./Peripheral/src/ch32v00x_spi.o
 .debug_abbrev  0x0000000000000000      0x303 ./Peripheral/src/ch32v00x_spi.o
 .debug_loc     0x0000000000000000      0x429 ./Peripheral/src/ch32v00x_spi.o
 .debug_aranges
                0x0000000000000000       0xb8 ./Peripheral/src/ch32v00x_spi.o
 .debug_ranges  0x0000000000000000       0xa8 ./Peripheral/src/ch32v00x_spi.o
 .debug_line    0x0000000000000000      0xa18 ./Peripheral/src/ch32v00x_spi.o
 .debug_str     0x0000000000000000      0x99c ./Peripheral/src/ch32v00x_spi.o
 .comment       0x0000000000000000       0x34 ./Peripheral/src/ch32v00x_spi.o
 .debug_frame   0x0000000000000000      0x15c ./Peripheral/src/ch32v00x_spi.o
 .text          0x0000000000000000        0x0 ./Peripheral/src/ch32v00x_tim.o
 .data          0x0000000000000000        0x0 ./Peripheral/src/ch32v00x_tim.o
 .bss           0x0000000000000000        0x0 ./Peripheral/src/ch32v00x_tim.o
 .text.TI1_Config
                0x0000000000000000       0x5a ./Peripheral/src/ch32v00x_tim.o
 .text.TI2_Config
                0x0000000000000000       0x70 ./Peripheral/src/ch32v00x_tim.o
 .text.TIM_DeInit
                0x0000000000000000       0x5c ./Peripheral/src/ch32v00x_tim.o
 .text.TIM_OC1Init
                0x0000000000000000       0x6a ./Peripheral/src/ch32v00x_tim.o
 .text.TIM_OC3Init
                0x0000000000000000       0x94 ./Peripheral/src/ch32v00x_tim.o
 .text.TIM_OC4Init
                0x0000000000000000       0x6e ./Peripheral/src/ch32v00x_tim.o
 .text.TIM_BDTRConfig
                0x0000000000000000       0x20 ./Peripheral/src/ch32v00x_tim.o
 .text.TIM_TimeBaseStructInit
                0x0000000000000000       0x10 ./Peripheral/src/ch32v00x_tim.o
 .text.TIM_OCStructInit
                0x0000000000000000       0x12 ./Peripheral/src/ch32v00x_tim.o
 .text.TIM_ICStructInit
                0x0000000000000000        0xe ./Peripheral/src/ch32v00x_tim.o
 .text.TIM_BDTRStructInit
                0x0000000000000000       0x12 ./Peripheral/src/ch32v00x_tim.o
 .text.TIM_ITConfig
                0x0000000000000000       0x12 ./Peripheral/src/ch32v00x_tim.o
 .text.TIM_GenerateEvent
                0x0000000000000000        0x4 ./Peripheral/src/ch32v00x_tim.o
 .text.TIM_DMAConfig
                0x0000000000000000        0x8 ./Peripheral/src/ch32v00x_tim.o
 .text.TIM_DMACmd
                0x0000000000000000       0x18 ./Peripheral/src/ch32v00x_tim.o
 .text.TIM_InternalClockConfig
                0x0000000000000000       0x10 ./Peripheral/src/ch32v00x_tim.o
 .text.TIM_ITRxExternalClockConfig
                0x0000000000000000       0x18 ./Peripheral/src/ch32v00x_tim.o
 .text.TIM_TIxExternalClockConfig
                0x0000000000000000       0x48 ./Peripheral/src/ch32v00x_tim.o
 .text.TIM_ETRConfig
                0x0000000000000000       0x16 ./Peripheral/src/ch32v00x_tim.o
 .text.TIM_ETRClockMode1Config
                0x0000000000000000       0x2a ./Peripheral/src/ch32v00x_tim.o
 .text.TIM_ETRClockMode2Config
                0x0000000000000000       0x22 ./Peripheral/src/ch32v00x_tim.o
 .text.TIM_PrescalerConfig
                0x0000000000000000        0x6 ./Peripheral/src/ch32v00x_tim.o
 .text.TIM_CounterModeConfig
                0x0000000000000000       0x10 ./Peripheral/src/ch32v00x_tim.o
 .text.TIM_SelectInputTrigger
                0x0000000000000000       0x10 ./Peripheral/src/ch32v00x_tim.o
 .text.TIM_EncoderInterfaceConfig
                0x0000000000000000       0x3c ./Peripheral/src/ch32v00x_tim.o
 .text.TIM_ForcedOC1Config
                0x0000000000000000       0x10 ./Peripheral/src/ch32v00x_tim.o
 .text.TIM_ForcedOC2Config
                0x0000000000000000       0x14 ./Peripheral/src/ch32v00x_tim.o
 .text.TIM_ForcedOC3Config
                0x0000000000000000       0x10 ./Peripheral/src/ch32v00x_tim.o
 .text.TIM_ForcedOC4Config
                0x0000000000000000       0x14 ./Peripheral/src/ch32v00x_tim.o
 .text.TIM_SelectCOM
                0x0000000000000000       0x18 ./Peripheral/src/ch32v00x_tim.o
 .text.TIM_SelectCCDMA
                0x0000000000000000       0x18 ./Peripheral/src/ch32v00x_tim.o
 .text.TIM_CCPreloadControl
                0x0000000000000000       0x18 ./Peripheral/src/ch32v00x_tim.o
 .text.TIM_OC1PreloadConfig
                0x0000000000000000        0xe ./Peripheral/src/ch32v00x_tim.o
 .text.TIM_OC3PreloadConfig
                0x0000000000000000        0xe ./Peripheral/src/ch32v00x_tim.o
 .text.TIM_OC4PreloadConfig
                0x0000000000000000       0x16 ./Peripheral/src/ch32v00x_tim.o
 .text.TIM_OC1FastConfig
                0x0000000000000000        0xe ./Peripheral/src/ch32v00x_tim.o
 .text.TIM_OC2FastConfig
                0x0000000000000000       0x16 ./Peripheral/src/ch32v00x_tim.o
 .text.TIM_OC3FastConfig
                0x0000000000000000        0xe ./Peripheral/src/ch32v00x_tim.o
 .text.TIM_OC4FastConfig
                0x0000000000000000       0x16 ./Peripheral/src/ch32v00x_tim.o
 .text.TIM_ClearOC1Ref
                0x0000000000000000       0x10 ./Peripheral/src/ch32v00x_tim.o
 .text.TIM_ClearOC2Ref
                0x0000000000000000       0x12 ./Peripheral/src/ch32v00x_tim.o
 .text.TIM_ClearOC3Ref
                0x0000000000000000       0x10 ./Peripheral/src/ch32v00x_tim.o
 .text.TIM_ClearOC4Ref
                0x0000000000000000       0x12 ./Peripheral/src/ch32v00x_tim.o
 .text.TIM_OC1PolarityConfig
                0x0000000000000000        0xe ./Peripheral/src/ch32v00x_tim.o
 .text.TIM_OC1NPolarityConfig
                0x0000000000000000        0xe ./Peripheral/src/ch32v00x_tim.o
 .text.TIM_OC2PolarityConfig
                0x0000000000000000       0x16 ./Peripheral/src/ch32v00x_tim.o
 .text.TIM_OC2NPolarityConfig
                0x0000000000000000       0x16 ./Peripheral/src/ch32v00x_tim.o
 .text.TIM_OC3PolarityConfig
                0x0000000000000000       0x16 ./Peripheral/src/ch32v00x_tim.o
 .text.TIM_OC3NPolarityConfig
                0x0000000000000000       0x16 ./Peripheral/src/ch32v00x_tim.o
 .text.TIM_OC4PolarityConfig
                0x0000000000000000       0x14 ./Peripheral/src/ch32v00x_tim.o
 .text.TIM_CCxCmd
                0x0000000000000000       0x20 ./Peripheral/src/ch32v00x_tim.o
 .text.TIM_CCxNCmd
                0x0000000000000000       0x20 ./Peripheral/src/ch32v00x_tim.o
 .text.TIM_SelectOCxM
                0x0000000000000000       0x4c ./Peripheral/src/ch32v00x_tim.o
 .text.TIM_UpdateDisableConfig
                0x0000000000000000       0x18 ./Peripheral/src/ch32v00x_tim.o
 .text.TIM_UpdateRequestConfig
                0x0000000000000000       0x18 ./Peripheral/src/ch32v00x_tim.o
 .text.TIM_SelectHallSensor
                0x0000000000000000       0x1a ./Peripheral/src/ch32v00x_tim.o
 .text.TIM_SelectOnePulseMode
                0x0000000000000000       0x16 ./Peripheral/src/ch32v00x_tim.o
 .text.TIM_SelectOutputTrigger
                0x0000000000000000       0x18 ./Peripheral/src/ch32v00x_tim.o
 .text.TIM_SelectSlaveMode
                0x0000000000000000       0x16 ./Peripheral/src/ch32v00x_tim.o
 .text.TIM_SelectMasterSlaveMode
                0x0000000000000000       0x18 ./Peripheral/src/ch32v00x_tim.o
 .text.TIM_SetCounter
                0x0000000000000000        0x4 ./Peripheral/src/ch32v00x_tim.o
 .text.TIM_SetAutoreload
                0x0000000000000000        0x4 ./Peripheral/src/ch32v00x_tim.o
 .text.TIM_SetCompare1
                0x0000000000000000        0x4 ./Peripheral/src/ch32v00x_tim.o
 .text.TIM_SetCompare3
                0x0000000000000000        0x4 ./Peripheral/src/ch32v00x_tim.o
 .text.TIM_SetCompare4
                0x0000000000000000        0x4 ./Peripheral/src/ch32v00x_tim.o
 .text.TIM_SetIC1Prescaler
                0x0000000000000000       0x16 ./Peripheral/src/ch32v00x_tim.o
 .text.TIM_SetIC2Prescaler
                0x0000000000000000       0x1a ./Peripheral/src/ch32v00x_tim.o
 .text.TIM_PWMIConfig
                0x0000000000000000       0xa4 ./Peripheral/src/ch32v00x_tim.o
 .text.TIM_SetIC3Prescaler
                0x0000000000000000       0x16 ./Peripheral/src/ch32v00x_tim.o
 .text.TIM_SetIC4Prescaler
                0x0000000000000000       0x1a ./Peripheral/src/ch32v00x_tim.o
 .text.TIM_ICInit
                0x0000000000000000      0x148 ./Peripheral/src/ch32v00x_tim.o
 .text.TIM_SetClockDivision
                0x0000000000000000       0x18 ./Peripheral/src/ch32v00x_tim.o
 .text.TIM_GetCapture1
                0x0000000000000000        0x8 ./Peripheral/src/ch32v00x_tim.o
 .text.TIM_GetCapture2
                0x0000000000000000        0x8 ./Peripheral/src/ch32v00x_tim.o
 .text.TIM_GetCapture3
                0x0000000000000000        0x8 ./Peripheral/src/ch32v00x_tim.o
 .text.TIM_GetCapture4
                0x0000000000000000        0x8 ./Peripheral/src/ch32v00x_tim.o
 .text.TIM_GetCounter
                0x0000000000000000        0x4 ./Peripheral/src/ch32v00x_tim.o
 .text.TIM_GetPrescaler
                0x0000000000000000        0x4 ./Peripheral/src/ch32v00x_tim.o
 .text.TIM_GetFlagStatus
                0x0000000000000000        0xa ./Peripheral/src/ch32v00x_tim.o
 .text.TIM_ClearFlag
                0x0000000000000000        0xc ./Peripheral/src/ch32v00x_tim.o
 .text.TIM_GetITStatus
                0x0000000000000000       0x18 ./Peripheral/src/ch32v00x_tim.o
 .text.TIM_ClearITPendingBit
                0x0000000000000000        0xc ./Peripheral/src/ch32v00x_tim.o
 .text.TIM_IndicateCaptureLevelCmd
                0x0000000000000000       0x12 ./Peripheral/src/ch32v00x_tim.o
 .text          0x0000000000000000        0x0 ./Peripheral/src/ch32v00x_usart.o
 .data          0x0000000000000000        0x0 ./Peripheral/src/ch32v00x_usart.o
 .bss           0x0000000000000000        0x0 ./Peripheral/src/ch32v00x_usart.o
 .text.USART_DeInit
                0x0000000000000000       0x36 ./Peripheral/src/ch32v00x_usart.o
 .text.USART_StructInit
                0x0000000000000000       0x18 ./Peripheral/src/ch32v00x_usart.o
 .text.USART_ClockInit
                0x0000000000000000       0x1e ./Peripheral/src/ch32v00x_usart.o
 .text.USART_ClockStructInit
                0x0000000000000000        0xa ./Peripheral/src/ch32v00x_usart.o
 .text.USART_ITConfig
                0x0000000000000000       0x36 ./Peripheral/src/ch32v00x_usart.o
 .text.USART_DMACmd
                0x0000000000000000       0x12 ./Peripheral/src/ch32v00x_usart.o
 .text.USART_SetAddress
                0x0000000000000000       0x16 ./Peripheral/src/ch32v00x_usart.o
 .text.USART_WakeUpConfig
                0x0000000000000000       0x14 ./Peripheral/src/ch32v00x_usart.o
 .text.USART_ReceiverWakeUpCmd
                0x0000000000000000       0x18 ./Peripheral/src/ch32v00x_usart.o
 .text.USART_LINBreakDetectLengthConfig
                0x0000000000000000       0x18 ./Peripheral/src/ch32v00x_usart.o
 .text.USART_LINCmd
                0x0000000000000000       0x16 ./Peripheral/src/ch32v00x_usart.o
 .text.USART_ReceiveData
                0x0000000000000000        0x8 ./Peripheral/src/ch32v00x_usart.o
 .text.USART_SendBreak
                0x0000000000000000        0xa ./Peripheral/src/ch32v00x_usart.o
 .text.USART_SetGuardTime
                0x0000000000000000       0x12 ./Peripheral/src/ch32v00x_usart.o
 .text.USART_SetPrescaler
                0x0000000000000000       0x18 ./Peripheral/src/ch32v00x_usart.o
 .text.USART_SmartCardCmd
                0x0000000000000000       0x1a ./Peripheral/src/ch32v00x_usart.o
 .text.USART_SmartCardNACKCmd
                0x0000000000000000       0x18 ./Peripheral/src/ch32v00x_usart.o
 .text.USART_HalfDuplexCmd
                0x0000000000000000       0x18 ./Peripheral/src/ch32v00x_usart.o
 .text.USART_OverSampling8Cmd
                0x0000000000000000       0x12 ./Peripheral/src/ch32v00x_usart.o
 .text.USART_OneBitMethodCmd
                0x0000000000000000       0x1e ./Peripheral/src/ch32v00x_usart.o
 .text.USART_IrDAConfig
                0x0000000000000000       0x16 ./Peripheral/src/ch32v00x_usart.o
 .text.USART_IrDACmd
                0x0000000000000000       0x18 ./Peripheral/src/ch32v00x_usart.o
 .text.USART_ClearFlag
                0x0000000000000000        0xc ./Peripheral/src/ch32v00x_usart.o
 .text.USART_GetITStatus
                0x0000000000000000       0x3c ./Peripheral/src/ch32v00x_usart.o
 .text.USART_ClearITPendingBit
                0x0000000000000000       0x14 ./Peripheral/src/ch32v00x_usart.o
 .text          0x0000000000000000        0x0 ./Peripheral/src/ch32v00x_wwdg.o
 .data          0x0000000000000000        0x0 ./Peripheral/src/ch32v00x_wwdg.o
 .bss           0x0000000000000000        0x0 ./Peripheral/src/ch32v00x_wwdg.o
 .text.WWDG_DeInit
                0x0000000000000000       0x2e ./Peripheral/src/ch32v00x_wwdg.o
 .text.WWDG_SetPrescaler
                0x0000000000000000       0x14 ./Peripheral/src/ch32v00x_wwdg.o
 .text.WWDG_SetWindowValue
                0x0000000000000000       0x26 ./Peripheral/src/ch32v00x_wwdg.o
 .text.WWDG_EnableIT
                0x0000000000000000       0x12 ./Peripheral/src/ch32v00x_wwdg.o
 .text.WWDG_SetCounter
                0x0000000000000000        0xe ./Peripheral/src/ch32v00x_wwdg.o
 .text.WWDG_Enable
                0x0000000000000000        0xe ./Peripheral/src/ch32v00x_wwdg.o
 .text.WWDG_GetFlagStatus
                0x0000000000000000        0xa ./Peripheral/src/ch32v00x_wwdg.o
 .text.WWDG_ClearFlag
                0x0000000000000000        0xa ./Peripheral/src/ch32v00x_wwdg.o
 .debug_info    0x0000000000000000      0xb93 ./Peripheral/src/ch32v00x_wwdg.o
 .debug_abbrev  0x0000000000000000      0x29d ./Peripheral/src/ch32v00x_wwdg.o
 .debug_loc     0x0000000000000000       0xae ./Peripheral/src/ch32v00x_wwdg.o
 .debug_aranges
                0x0000000000000000       0x58 ./Peripheral/src/ch32v00x_wwdg.o
 .debug_ranges  0x0000000000000000       0x48 ./Peripheral/src/ch32v00x_wwdg.o
 .debug_line    0x0000000000000000      0x50a ./Peripheral/src/ch32v00x_wwdg.o
 .debug_str     0x0000000000000000      0x729 ./Peripheral/src/ch32v00x_wwdg.o
 .comment       0x0000000000000000       0x34 ./Peripheral/src/ch32v00x_wwdg.o
 .debug_frame   0x0000000000000000       0xa4 ./Peripheral/src/ch32v00x_wwdg.o
 .text          0x0000000000000000        0x0 ./Debug/debug.o
 .data          0x0000000000000000        0x0 ./Debug/debug.o
 .bss           0x0000000000000000        0x0 ./Debug/debug.o
 .text.Delay_Us
                0x0000000000000000       0x4a ./Debug/debug.o
 .text.SDI_Printf_Enable
                0x0000000000000000       0x2a ./Debug/debug.o
 .text._sbrk    0x0000000000000000       0x2e ./Debug/debug.o
 .data.curbrk.4220
                0x0000000000000000        0x4 ./Debug/debug.o
 .text          0x0000000000000000        0x0 ./Core/core_riscv.o
 .data          0x0000000000000000        0x0 ./Core/core_riscv.o
 .bss           0x0000000000000000        0x0 ./Core/core_riscv.o
 .text.__get_MSTATUS
                0x0000000000000000        0x6 ./Core/core_riscv.o
 .text.__set_MSTATUS
                0x0000000000000000        0x6 ./Core/core_riscv.o
 .text.__get_MISA
                0x0000000000000000        0x6 ./Core/core_riscv.o
 .text.__set_MISA
                0x0000000000000000        0x6 ./Core/core_riscv.o
 .text.__get_MTVEC
                0x0000000000000000        0x6 ./Core/core_riscv.o
 .text.__set_MTVEC
                0x0000000000000000        0x6 ./Core/core_riscv.o
 .text.__get_MSCRATCH
                0x0000000000000000        0x6 ./Core/core_riscv.o
 .text.__set_MSCRATCH
                0x0000000000000000        0x6 ./Core/core_riscv.o
 .text.__get_MEPC
                0x0000000000000000        0x6 ./Core/core_riscv.o
 .text.__set_MEPC
                0x0000000000000000        0x6 ./Core/core_riscv.o
 .text.__get_MCAUSE
                0x0000000000000000        0x6 ./Core/core_riscv.o
 .text.__set_MCAUSE
                0x0000000000000000        0x6 ./Core/core_riscv.o
 .text.__get_MVENDORID
                0x0000000000000000        0x6 ./Core/core_riscv.o
 .text.__get_MARCHID
                0x0000000000000000        0x6 ./Core/core_riscv.o
 .text.__get_MIMPID
                0x0000000000000000        0x6 ./Core/core_riscv.o
 .text.__get_MHARTID
                0x0000000000000000        0x6 ./Core/core_riscv.o
 .text.__get_SP
                0x0000000000000000        0x4 ./Core/core_riscv.o
 .text          0x0000000000000000        0x0 c:/mounriver/mounriver_studio2/resources/app/resources/win32/components/wch/toolchain/risc-v embedded gcc/bin/../lib/gcc/riscv-none-embed/8.2.0/../../../../riscv-none-embed/lib/rv32ecxw/ilp32e\libprintf.a(wchprintf.o)
 .data          0x0000000000000000        0x0 c:/mounriver/mounriver_studio2/resources/app/resources/win32/components/wch/toolchain/risc-v embedded gcc/bin/../lib/gcc/riscv-none-embed/8.2.0/../../../../riscv-none-embed/lib/rv32ecxw/ilp32e\libprintf.a(wchprintf.o)
 .bss           0x0000000000000000        0x0 c:/mounriver/mounriver_studio2/resources/app/resources/win32/components/wch/toolchain/risc-v embedded gcc/bin/../lib/gcc/riscv-none-embed/8.2.0/../../../../riscv-none-embed/lib/rv32ecxw/ilp32e\libprintf.a(wchprintf.o)
 .text.sprintf  0x0000000000000000       0x2c c:/mounriver/mounriver_studio2/resources/app/resources/win32/components/wch/toolchain/risc-v embedded gcc/bin/../lib/gcc/riscv-none-embed/8.2.0/../../../../riscv-none-embed/lib/rv32ecxw/ilp32e\libprintf.a(wchprintf.o)
 .text.snprintf
                0x0000000000000000       0x2e c:/mounriver/mounriver_studio2/resources/app/resources/win32/components/wch/toolchain/risc-v embedded gcc/bin/../lib/gcc/riscv-none-embed/8.2.0/../../../../riscv-none-embed/lib/rv32ecxw/ilp32e\libprintf.a(wchprintf.o)
 .text.putchar  0x0000000000000000       0x1c c:/mounriver/mounriver_studio2/resources/app/resources/win32/components/wch/toolchain/risc-v embedded gcc/bin/../lib/gcc/riscv-none-embed/8.2.0/../../../../riscv-none-embed/lib/rv32ecxw/ilp32e\libprintf.a(wchprintf.o)
 .data          0x0000000000000000        0x0 c:/mounriver/mounriver_studio2/resources/app/resources/win32/components/wch/toolchain/risc-v embedded gcc/bin/../lib/gcc/riscv-none-embed/8.2.0/rv32ecxw/ilp32e\libgcc.a(save-restore.o)
 .bss           0x0000000000000000        0x0 c:/mounriver/mounriver_studio2/resources/app/resources/win32/components/wch/toolchain/risc-v embedded gcc/bin/../lib/gcc/riscv-none-embed/8.2.0/rv32ecxw/ilp32e\libgcc.a(save-restore.o)
 .eh_frame      0x0000000000000000       0x68 c:/mounriver/mounriver_studio2/resources/app/resources/win32/components/wch/toolchain/risc-v embedded gcc/bin/../lib/gcc/riscv-none-embed/8.2.0/rv32ecxw/ilp32e\libgcc.a(save-restore.o)
 .data          0x0000000000000000        0x0 c:/mounriver/mounriver_studio2/resources/app/resources/win32/components/wch/toolchain/risc-v embedded gcc/bin/../lib/gcc/riscv-none-embed/8.2.0/rv32ecxw/ilp32e\libgcc.a(muldi3.o)
 .bss           0x0000000000000000        0x0 c:/mounriver/mounriver_studio2/resources/app/resources/win32/components/wch/toolchain/risc-v embedded gcc/bin/../lib/gcc/riscv-none-embed/8.2.0/rv32ecxw/ilp32e\libgcc.a(muldi3.o)
 .data          0x0000000000000000        0x0 c:/mounriver/mounriver_studio2/resources/app/resources/win32/components/wch/toolchain/risc-v embedded gcc/bin/../lib/gcc/riscv-none-embed/8.2.0/rv32ecxw/ilp32e\libgcc.a(div.o)
 .bss           0x0000000000000000        0x0 c:/mounriver/mounriver_studio2/resources/app/resources/win32/components/wch/toolchain/risc-v embedded gcc/bin/../lib/gcc/riscv-none-embed/8.2.0/rv32ecxw/ilp32e\libgcc.a(div.o)

Memory Configuration

Name             Origin             Length             Attributes
FLASH            0x0000000000000000 0x0000000000003c00 xr
RAM              0x0000000020000000 0x0000000000000800 xrw
*default*        0x0000000000000000 0xffffffffffffffff

Linker script and memory map

LOAD ./User/buzzer.o
LOAD ./User/ch32v00x_it.o
LOAD ./User/init.o
LOAD ./User/main.o
LOAD ./User/screens.o
LOAD ./User/system_ch32v00x.o
LOAD ./Startup/startup_ch32v00x.o
LOAD ./Peripheral/src/ch32v00x_adc.o
LOAD ./Peripheral/src/ch32v00x_dbgmcu.o
LOAD ./Peripheral/src/ch32v00x_dma.o
LOAD ./Peripheral/src/ch32v00x_exti.o
LOAD ./Peripheral/src/ch32v00x_flash.o
LOAD ./Peripheral/src/ch32v00x_gpio.o
LOAD ./Peripheral/src/ch32v00x_i2c.o
LOAD ./Peripheral/src/ch32v00x_iwdg.o
LOAD ./Peripheral/src/ch32v00x_misc.o
LOAD ./Peripheral/src/ch32v00x_opa.o
LOAD ./Peripheral/src/ch32v00x_pwr.o
LOAD ./Peripheral/src/ch32v00x_rcc.o
LOAD ./Peripheral/src/ch32v00x_spi.o
LOAD ./Peripheral/src/ch32v00x_tim.o
LOAD ./Peripheral/src/ch32v00x_usart.o
LOAD ./Peripheral/src/ch32v00x_wwdg.o
LOAD ./Debug/debug.o
LOAD ./Core/core_riscv.o
LOAD c:/mounriver/mounriver_studio2/resources/app/resources/win32/components/wch/toolchain/risc-v embedded gcc/bin/../lib/gcc/riscv-none-embed/8.2.0/../../../../riscv-none-embed/lib/rv32ecxw/ilp32e\libprintf.a
LOAD c:/mounriver/mounriver_studio2/resources/app/resources/win32/components/wch/toolchain/risc-v embedded gcc/bin/../lib/gcc/riscv-none-embed/8.2.0/../../../../riscv-none-embed/lib/rv32ecxw/ilp32e\libstdc++_nano.a
LOAD c:/mounriver/mounriver_studio2/resources/app/resources/win32/components/wch/toolchain/risc-v embedded gcc/bin/../lib/gcc/riscv-none-embed/8.2.0/../../../../riscv-none-embed/lib/rv32ecxw/ilp32e\libm.a
LOAD c:/mounriver/mounriver_studio2/resources/app/resources/win32/components/wch/toolchain/risc-v embedded gcc/bin/../lib/gcc/riscv-none-embed/8.2.0/rv32ecxw/ilp32e\libgcc.a
LOAD c:/mounriver/mounriver_studio2/resources/app/resources/win32/components/wch/toolchain/risc-v embedded gcc/bin/../lib/gcc/riscv-none-embed/8.2.0/../../../../riscv-none-embed/lib/rv32ecxw/ilp32e\libg_nano.a
LOAD c:/mounriver/mounriver_studio2/resources/app/resources/win32/components/wch/toolchain/risc-v embedded gcc/bin/../lib/gcc/riscv-none-embed/8.2.0/../../../../riscv-none-embed/lib/rv32ecxw/ilp32e\libc_nano.a
LOAD c:/mounriver/mounriver_studio2/resources/app/resources/win32/components/wch/toolchain/risc-v embedded gcc/bin/../lib/gcc/riscv-none-embed/8.2.0/rv32ecxw/ilp32e\libgcc.a
START GROUP
LOAD c:/mounriver/mounriver_studio2/resources/app/resources/win32/components/wch/toolchain/risc-v embedded gcc/bin/../lib/gcc/riscv-none-embed/8.2.0/rv32ecxw/ilp32e\libgcc.a
LOAD c:/mounriver/mounriver_studio2/resources/app/resources/win32/components/wch/toolchain/risc-v embedded gcc/bin/../lib/gcc/riscv-none-embed/8.2.0/../../../../riscv-none-embed/lib/rv32ecxw/ilp32e\libc_nano.a
LOAD c:/mounriver/mounriver_studio2/resources/app/resources/win32/components/wch/toolchain/risc-v embedded gcc/bin/../lib/gcc/riscv-none-embed/8.2.0/../../../../riscv-none-embed/lib/rv32ecxw/ilp32e\libnosys.a
END GROUP
START GROUP
LOAD c:/mounriver/mounriver_studio2/resources/app/resources/win32/components/wch/toolchain/risc-v embedded gcc/bin/../lib/gcc/riscv-none-embed/8.2.0/rv32ecxw/ilp32e\libgcc.a
LOAD c:/mounriver/mounriver_studio2/resources/app/resources/win32/components/wch/toolchain/risc-v embedded gcc/bin/../lib/gcc/riscv-none-embed/8.2.0/../../../../riscv-none-embed/lib/rv32ecxw/ilp32e\libc_nano.a
LOAD c:/mounriver/mounriver_studio2/resources/app/resources/win32/components/wch/toolchain/risc-v embedded gcc/bin/../lib/gcc/riscv-none-embed/8.2.0/../../../../riscv-none-embed/lib/rv32ecxw/ilp32e\libnosys.a
END GROUP
                0x0000000000000100                __stack_size = 0x100
                [!provide]                        PROVIDE (_stack_size = __stack_size)

.init           0x0000000000000000       0xa0
                0x0000000000000000                _sinit = .
                0x0000000000000000                . = ALIGN (0x4)
 *(SORT_NONE(.init))
 .init          0x0000000000000000       0x9e ./Startup/startup_ch32v00x.o
                0x0000000000000000                _start
                0x00000000000000a0                . = ALIGN (0x4)
 *fill*         0x000000000000009e        0x2 
                0x00000000000000a0                _einit = .

.highcodelalign
                0x00000000000000a0        0x0
                0x00000000000000a0                . = ALIGN (0x4)
                0x00000000000000a0                PROVIDE (_highcode_lma = .)

.highcode       0x0000000020000000        0xc load address 0x00000000000000a0
                0x0000000020000000                . = ALIGN (0x4)
                0x0000000020000000                PROVIDE (_highcode_vma_start = .)
 *(.highcode)
 .highcode      0x0000000020000000        0xa ./Core/core_riscv.o
                0x0000000020000000                WFE
 *(.highcode.*)
                0x000000002000000c                . = ALIGN (0x4)
 *fill*         0x000000002000000a        0x2 
                0x000000002000000c                PROVIDE (_highcode_vma_end = .)

.text           0x00000000000000ac     0x3248
                0x00000000000000ac                . = ALIGN (0x4)
 *(.text)
 .text          0x00000000000000ac       0x14 c:/mounriver/mounriver_studio2/resources/app/resources/win32/components/wch/toolchain/risc-v embedded gcc/bin/../lib/gcc/riscv-none-embed/8.2.0/rv32ecxw/ilp32e\libgcc.a(save-restore.o)
                0x00000000000000ac                __riscv_save_1
                0x00000000000000ac                __riscv_save_2
                0x00000000000000ac                __riscv_save_0
                0x00000000000000b6                __riscv_restore_0
                0x00000000000000b6                __riscv_restore_1
                0x00000000000000b6                __riscv_restore_2
 .text          0x00000000000000c0       0x16 c:/mounriver/mounriver_studio2/resources/app/resources/win32/components/wch/toolchain/risc-v embedded gcc/bin/../lib/gcc/riscv-none-embed/8.2.0/rv32ecxw/ilp32e\libgcc.a(muldi3.o)
                0x00000000000000c0                __mulsi3
 *fill*         0x00000000000000d6        0x2 
 .text          0x00000000000000d8       0x7e c:/mounriver/mounriver_studio2/resources/app/resources/win32/components/wch/toolchain/risc-v embedded gcc/bin/../lib/gcc/riscv-none-embed/8.2.0/rv32ecxw/ilp32e\libgcc.a(div.o)
                0x00000000000000d8                __divsi3
                0x00000000000000e0                __udivsi3
                0x000000000000010c                __umodsi3
                0x0000000000000130                __modsi3
 *(.text.*)
 .text.tone1.part.0
                0x0000000000000156       0x1a ./User/buzzer.o
 .text.delayUsTone
                0x0000000000000170       0x2a ./User/buzzer.o
                0x0000000000000170                delayUsTone
 .text.tone1    0x000000000000019a       0x64 ./User/buzzer.o
                0x000000000000019a                tone1
 .text.tone1_vol
                0x00000000000001fe       0x92 ./User/buzzer.o
                0x00000000000001fe                tone1_vol
 .text.buzzer_ok
                0x0000000000000290       0x1a ./User/buzzer.o
                0x0000000000000290                buzzer_ok
 .text.buzzer_warning
                0x00000000000002aa       0x10 ./User/buzzer.o
                0x00000000000002aa                buzzer_warning
 .text.buzzer_click
                0x00000000000002ba       0x10 ./User/buzzer.o
                0x00000000000002ba                buzzer_click
 .text.buzzer_beepboop
                0x00000000000002ca       0x1a ./User/buzzer.o
                0x00000000000002ca                buzzer_beepboop
 .text.buzzer_ios_click
                0x00000000000002e4        0xe ./User/buzzer.o
                0x00000000000002e4                buzzer_ios_click
 .text.buzzer_robot
                0x00000000000002f2       0x24 ./User/buzzer.o
                0x00000000000002f2                buzzer_robot
 .text.buzzer_startup
                0x0000000000000316       0x24 ./User/buzzer.o
                0x0000000000000316                buzzer_startup
 .text.buzzer_shutdown
                0x000000000000033a       0x24 ./User/buzzer.o
                0x000000000000033a                buzzer_shutdown
 .text.beep_Increment_Max
                0x000000000000035e       0x40 ./User/buzzer.o
                0x000000000000035e                beep_Increment_Max
 .text.beep_Decrement_Min
                0x000000000000039e       0x40 ./User/buzzer.o
                0x000000000000039e                beep_Decrement_Min
 .text.beep_Save
                0x00000000000003de       0x22 ./User/buzzer.o
                0x00000000000003de                beep_Save
 .text.NMI_Handler
                0x0000000000000400       0x12 ./User/ch32v00x_it.o
                0x0000000000000400                NMI_Handler
 .text.HardFault_Handler
                0x0000000000000412       0x20 ./User/ch32v00x_it.o
                0x0000000000000412                HardFault_Handler
 .text.SysTick_Handler
                0x0000000000000432       0x26 ./User/ch32v00x_it.o
                0x0000000000000432                SysTick_Handler
 .text.init     0x0000000000000458       0xaa ./User/init.o
                0x0000000000000458                init
 .text._ZN3Pwm7disableEv.isra.4
                0x0000000000000502       0x48 ./User/main.o
 .text._ZN7uEeprom3getEv
                0x000000000000054a       0x32 ./User/main.o
                0x000000000000054a                uEeprom::get()
 .text._ZN7uEeprom4initEttttPKc
                0x000000000000057c      0x1d4 ./User/main.o
                0x000000000000057c                uEeprom::init(unsigned short, unsigned short, unsigned short, unsigned short, char const*)
 .text._Z13EXTI_INT_INITv
                0x0000000000000750       0x3a ./User/main.o
                0x0000000000000750                EXTI_INT_INIT()
 .text._Z10userEEPROMv
                0x000000000000078a       0x9a ./User/main.o
                0x000000000000078a                userEEPROM()
 .text.gotoDeepSleep
                0x0000000000000824       0xac ./User/main.o
                0x0000000000000824                gotoDeepSleep
 .text.startup.main
                0x00000000000008d0      0x46c ./User/main.o
                0x00000000000008d0                main
 .text.startup._GLOBAL__sub_I_b
                0x0000000000000d3c       0x82 ./User/main.o
 .text._ZN7uEeprom3setEt
                0x0000000000000dbe       0x5e ./User/screens.o
                0x0000000000000dbe                uEeprom::set(unsigned short)
 .text._Z4beepi
                0x0000000000000e1c       0x40 ./User/screens.o
                0x0000000000000e1c                beep(int)
 .text.ScreenNormal
                0x0000000000000e5c      0x186 ./User/screens.o
                0x0000000000000e5c                ScreenNormal
 .text.ScreenPower
                0x0000000000000fe2      0x132 ./User/screens.o
                0x0000000000000fe2                ScreenPower
 .text.ScreenBoostEnable
                0x0000000000001114       0x84 ./User/screens.o
                0x0000000000001114                ScreenBoostEnable
 .text.ScreenBoostPower
                0x0000000000001198       0x1c ./User/screens.o
                0x0000000000001198                ScreenBoostPower
 .text._Z6statusi
                0x00000000000011b4       0x1e ./User/screens.o
                0x00000000000011b4                status(int)
 .text._Z4exitv
                0x00000000000011d2       0x10 ./User/screens.o
                0x00000000000011d2                exit()
 .text.ScreenBoostTime
                0x00000000000011e2       0xda ./User/screens.o
                0x00000000000011e2                ScreenBoostTime
 .text.SystemInit
                0x00000000000012bc       0x8c ./User/system_ch32v00x.o
                0x00000000000012bc                SystemInit
 .text.SystemCoreClockUpdate
                0x0000000000001348       0x6c ./User/system_ch32v00x.o
                0x0000000000001348                SystemCoreClockUpdate
 .text.vector_handler
                0x00000000000013b4        0x2 ./Startup/startup_ch32v00x.o
                0x00000000000013b4                TIM1_CC_IRQHandler
                0x00000000000013b4                PVD_IRQHandler
                0x00000000000013b4                SPI1_IRQHandler
                0x00000000000013b4                AWU_IRQHandler
                0x00000000000013b4                EXTI7_0_IRQHandler
                0x00000000000013b4                DMA1_Channel4_IRQHandler
                0x00000000000013b4                ADC1_IRQHandler
                0x00000000000013b4                DMA1_Channel7_IRQHandler
                0x00000000000013b4                I2C1_EV_IRQHandler
                0x00000000000013b4                DMA1_Channel6_IRQHandler
                0x00000000000013b4                RCC_IRQHandler
                0x00000000000013b4                TIM1_TRG_COM_IRQHandler
                0x00000000000013b4                DMA1_Channel1_IRQHandler
                0x00000000000013b4                DMA1_Channel5_IRQHandler
                0x00000000000013b4                DMA1_Channel3_IRQHandler
                0x00000000000013b4                TIM1_UP_IRQHandler
                0x00000000000013b4                WWDG_IRQHandler
                0x00000000000013b4                TIM2_IRQHandler
                0x00000000000013b4                SW_Handler
                0x00000000000013b4                TIM1_BRK_IRQHandler
                0x00000000000013b4                DMA1_Channel2_IRQHandler
                0x00000000000013b4                FLASH_IRQHandler
                0x00000000000013b4                USART1_IRQHandler
                0x00000000000013b4                I2C1_ER_IRQHandler
 .text.handle_reset
                0x00000000000013b6       0xb0 ./Startup/startup_ch32v00x.o
                0x00000000000013b6                handle_reset
 .text.EXTI_Init
                0x0000000000001466       0x6a ./Peripheral/src/ch32v00x_exti.o
                0x0000000000001466                EXTI_Init
 .text.FLASH_Unlock
                0x00000000000014d0       0x1a ./Peripheral/src/ch32v00x_flash.o
                0x00000000000014d0                FLASH_Unlock
 .text.FLASH_Lock
                0x00000000000014ea        0xe ./Peripheral/src/ch32v00x_flash.o
                0x00000000000014ea                FLASH_Lock
 .text.FLASH_GetBank1Status
                0x00000000000014f8       0x18 ./Peripheral/src/ch32v00x_flash.o
                0x00000000000014f8                FLASH_GetBank1Status
 .text.FLASH_WaitForLastOperation
                0x0000000000001510       0x20 ./Peripheral/src/ch32v00x_flash.o
                0x0000000000001510                FLASH_WaitForLastOperation
 .text.FLASH_ProgramHalfWord
                0x0000000000001530       0x34 ./Peripheral/src/ch32v00x_flash.o
                0x0000000000001530                FLASH_ProgramHalfWord
 .text.FLASH_ErasePage_Fast
                0x0000000000001564       0x36 ./Peripheral/src/ch32v00x_flash.o
                0x0000000000001564                FLASH_ErasePage_Fast
 .text.GPIO_Init
                0x000000000000159a       0x7c ./Peripheral/src/ch32v00x_gpio.o
                0x000000000000159a                GPIO_Init
 .text.GPIO_ReadInputDataBit
                0x0000000000001616        0xa ./Peripheral/src/ch32v00x_gpio.o
                0x0000000000001616                GPIO_ReadInputDataBit
 .text.GPIO_WriteBit
                0x0000000000001620        0xa ./Peripheral/src/ch32v00x_gpio.o
                0x0000000000001620                GPIO_WriteBit
 .text.GPIO_PinRemapConfig
                0x000000000000162a       0xc4 ./Peripheral/src/ch32v00x_gpio.o
                0x000000000000162a                GPIO_PinRemapConfig
 .text.GPIO_EXTILineConfig
                0x00000000000016ee       0x22 ./Peripheral/src/ch32v00x_gpio.o
                0x00000000000016ee                GPIO_EXTILineConfig
 .text.NVIC_PriorityGroupConfig
                0x0000000000001710        0x6 ./Peripheral/src/ch32v00x_misc.o
                0x0000000000001710                NVIC_PriorityGroupConfig
 .text.PWR_EnterSTANDBYMode
                0x0000000000001716       0xf4 ./Peripheral/src/ch32v00x_pwr.o
                0x0000000000001716                PWR_EnterSTANDBYMode
 .text.RCC_AdjustHSICalibrationValue
                0x000000000000180a       0x12 ./Peripheral/src/ch32v00x_rcc.o
                0x000000000000180a                RCC_AdjustHSICalibrationValue
 .text.RCC_GetClocksFreq
                0x000000000000181c       0xa2 ./Peripheral/src/ch32v00x_rcc.o
                0x000000000000181c                RCC_GetClocksFreq
 .text.RCC_APB2PeriphClockCmd
                0x00000000000018be       0x1e ./Peripheral/src/ch32v00x_rcc.o
                0x00000000000018be                RCC_APB2PeriphClockCmd
 .text.RCC_APB1PeriphClockCmd
                0x00000000000018dc       0x1e ./Peripheral/src/ch32v00x_rcc.o
                0x00000000000018dc                RCC_APB1PeriphClockCmd
 .text.TIM_TimeBaseInit
                0x00000000000018fa       0x4e ./Peripheral/src/ch32v00x_tim.o
                0x00000000000018fa                TIM_TimeBaseInit
 .text.TIM_OC2Init
                0x0000000000001948       0x96 ./Peripheral/src/ch32v00x_tim.o
                0x0000000000001948                TIM_OC2Init
 .text.TIM_Cmd  0x00000000000019de       0x18 ./Peripheral/src/ch32v00x_tim.o
                0x00000000000019de                TIM_Cmd
 .text.TIM_CtrlPWMOutputs
                0x00000000000019f6       0x16 ./Peripheral/src/ch32v00x_tim.o
                0x00000000000019f6                TIM_CtrlPWMOutputs
 .text.TIM_ARRPreloadConfig
                0x0000000000001a0c       0x1a ./Peripheral/src/ch32v00x_tim.o
                0x0000000000001a0c                TIM_ARRPreloadConfig
 .text.TIM_OC2PreloadConfig
                0x0000000000001a26       0x16 ./Peripheral/src/ch32v00x_tim.o
                0x0000000000001a26                TIM_OC2PreloadConfig
 .text.TIM_SetCompare2
                0x0000000000001a3c        0x4 ./Peripheral/src/ch32v00x_tim.o
                0x0000000000001a3c                TIM_SetCompare2
 .text.USART_Init
                0x0000000000001a40       0xce ./Peripheral/src/ch32v00x_usart.o
                0x0000000000001a40                USART_Init
 .text.USART_Cmd
                0x0000000000001b0e       0x16 ./Peripheral/src/ch32v00x_usart.o
                0x0000000000001b0e                USART_Cmd
 .text.USART_SendData
                0x0000000000001b24        0x8 ./Peripheral/src/ch32v00x_usart.o
                0x0000000000001b24                USART_SendData
 .text.USART_GetFlagStatus
                0x0000000000001b2c        0xa ./Peripheral/src/ch32v00x_usart.o
                0x0000000000001b2c                USART_GetFlagStatus
 .text.delay    0x0000000000001b36       0x72 ./Debug/debug.o
                0x0000000000001b36                delay
 .text.Delay_Init
                0x0000000000001ba8       0x34 ./Debug/debug.o
                0x0000000000001ba8                Delay_Init
 .text.Delay_Ms
                0x0000000000001bdc       0x3a ./Debug/debug.o
                0x0000000000001bdc                Delay_Ms
 .text.USART_Printf_Init
                0x0000000000001c16       0x64 ./Debug/debug.o
                0x0000000000001c16                USART_Printf_Init
 .text._write   0x0000000000001c7a       0x50 ./Debug/debug.o
                0x0000000000001c7a                _write
 .text.printchar
                0x0000000000001cca       0x48 c:/mounriver/mounriver_studio2/resources/app/resources/win32/components/wch/toolchain/risc-v embedded gcc/bin/../lib/gcc/riscv-none-embed/8.2.0/../../../../riscv-none-embed/lib/rv32ecxw/ilp32e\libprintf.a(wchprintf.o)
                0x0000000000001cca                printchar
 .text.prints   0x0000000000001d12       0xe6 c:/mounriver/mounriver_studio2/resources/app/resources/win32/components/wch/toolchain/risc-v embedded gcc/bin/../lib/gcc/riscv-none-embed/8.2.0/../../../../riscv-none-embed/lib/rv32ecxw/ilp32e\libprintf.a(wchprintf.o)
                0x0000000000001d12                prints
 .text.printInt
                0x0000000000001df8      0x118 c:/mounriver/mounriver_studio2/resources/app/resources/win32/components/wch/toolchain/risc-v embedded gcc/bin/../lib/gcc/riscv-none-embed/8.2.0/../../../../riscv-none-embed/lib/rv32ecxw/ilp32e\libprintf.a(wchprintf.o)
                0x0000000000001df8                printInt
 .text.printLongLongInt
                0x0000000000001f10        0x4 c:/mounriver/mounriver_studio2/resources/app/resources/win32/components/wch/toolchain/risc-v embedded gcc/bin/../lib/gcc/riscv-none-embed/8.2.0/../../../../riscv-none-embed/lib/rv32ecxw/ilp32e\libprintf.a(wchprintf.o)
                0x0000000000001f10                printLongLongInt
 .text.printDouble
                0x0000000000001f14        0x4 c:/mounriver/mounriver_studio2/resources/app/resources/win32/components/wch/toolchain/risc-v embedded gcc/bin/../lib/gcc/riscv-none-embed/8.2.0/../../../../riscv-none-embed/lib/rv32ecxw/ilp32e\libprintf.a(wchprintf.o)
                0x0000000000001f14                printDouble
 .text.print    0x0000000000001f18      0x360 c:/mounriver/mounriver_studio2/resources/app/resources/win32/components/wch/toolchain/risc-v embedded gcc/bin/../lib/gcc/riscv-none-embed/8.2.0/../../../../riscv-none-embed/lib/rv32ecxw/ilp32e\libprintf.a(wchprintf.o)
                0x0000000000001f18                print
 .text.printf   0x0000000000002278       0x24 c:/mounriver/mounriver_studio2/resources/app/resources/win32/components/wch/toolchain/risc-v embedded gcc/bin/../lib/gcc/riscv-none-embed/8.2.0/../../../../riscv-none-embed/lib/rv32ecxw/ilp32e\libprintf.a(wchprintf.o)
                0x0000000000002278                printf
 .text.puts     0x000000000000229c       0x4a c:/mounriver/mounriver_studio2/resources/app/resources/win32/components/wch/toolchain/risc-v embedded gcc/bin/../lib/gcc/riscv-none-embed/8.2.0/../../../../riscv-none-embed/lib/rv32ecxw/ilp32e\libprintf.a(wchprintf.o)
                0x000000000000229c                puts
 *(.rodata)
 *(.rodata*)
 *fill*         0x00000000000022e6        0x2 
 .rodata.HardFault_Handler.str1.4
                0x00000000000022e8       0x13 ./User/ch32v00x_it.o
 *fill*         0x00000000000022fb        0x1 
 .rodata.NMI_Handler.str1.4
                0x00000000000022fc        0xd ./User/ch32v00x_it.o
 *fill*         0x0000000000002309        0x3 
 .rodata.main   0x000000000000230c       0x3c ./User/main.o
 .rodata._Z10userEEPROMv.str1.4
                0x0000000000002348       0x87 ./User/main.o
 *fill*         0x00000000000023cf        0x1 
 .rodata._ZN7uEeprom3getEv.str1.4
                0x00000000000023d0       0xe9 ./User/main.o
 *fill*         0x00000000000024b9        0x3 
 .rodata._ZN7uEeprom4initEttttPKc.str1.4
                0x00000000000024bc      0xa97 ./User/main.o
 *fill*         0x0000000000002f53        0x1 
 .rodata.gotoDeepSleep.str1.4
                0x0000000000002f54       0x26 ./User/main.o
 *fill*         0x0000000000002f7a        0x2 
 .rodata.main.str1.4
                0x0000000000002f7c       0xc7 ./User/main.o
                                         0xe3 (size before relaxing)
 *fill*         0x0000000000003043        0x1 
 .rodata.ScreenBoostTime.str1.4
                0x0000000000003044       0x78 ./User/screens.o
 .rodata.ScreenNormal.str1.4
                0x00000000000030bc       0x41 ./User/screens.o
                                         0x51 (size before relaxing)
 *fill*         0x00000000000030fd        0x3 
 .rodata.ScreenPower.str1.4
                0x0000000000003100       0x54 ./User/screens.o
 .rodata._ZN7uEeprom3getEv.str1.4
                0x0000000000003154       0xe9 ./User/screens.o
 .rodata._ZN7uEeprom3setEt.str1.4
                0x0000000000003154      0x195 ./User/screens.o
 *fill*         0x00000000000032e9        0x3 
 .rodata.print.str1.4
                0x00000000000032ec        0x8 c:/mounriver/mounriver_studio2/resources/app/resources/win32/components/wch/toolchain/risc-v embedded gcc/bin/../lib/gcc/riscv-none-embed/8.2.0/../../../../riscv-none-embed/lib/rv32ecxw/ilp32e\libprintf.a(wchprintf.o)
                                          0x7 (size before relaxing)
 *(.gnu.linkonce.t.*)
                0x00000000000032f4                . = ALIGN (0x4)

.rela.dyn       0x00000000000032f4        0x0
 .rela.text._ZN7uEeprom3getEv
                0x00000000000032f4        0x0 ./User/buzzer.o
 .rela.text._ZN7uEeprom4initEttttPKc
                0x00000000000032f4        0x0 ./User/buzzer.o
 .rela.text._Z10userEEPROMv
                0x00000000000032f4        0x0 ./User/buzzer.o
 .rela.text.startup.main
                0x00000000000032f4        0x0 ./User/buzzer.o
 .rela.text._ZN7uEeprom3setEt
                0x00000000000032f4        0x0 ./User/buzzer.o
 .rela.text.ScreenNormal
                0x00000000000032f4        0x0 ./User/buzzer.o
 .rela.text.ScreenPower
                0x00000000000032f4        0x0 ./User/buzzer.o
 .rela.text.ScreenBoostEnable
                0x00000000000032f4        0x0 ./User/buzzer.o
 .rela.text.ScreenBoostTime
                0x00000000000032f4        0x0 ./User/buzzer.o
 .rela.init     0x00000000000032f4        0x0 ./User/buzzer.o
 .rela.text.handle_reset
                0x00000000000032f4        0x0 ./User/buzzer.o
 .rela.text.prints
                0x00000000000032f4        0x0 ./User/buzzer.o
 .rela.text.printInt
                0x00000000000032f4        0x0 ./User/buzzer.o
 .rela.text.print
                0x00000000000032f4        0x0 ./User/buzzer.o
 .rela.text.printf
                0x00000000000032f4        0x0 ./User/buzzer.o

.fini           0x00000000000032f4        0x0
 *(SORT_NONE(.fini))
                0x00000000000032f4                . = ALIGN (0x4)
                [!provide]                        PROVIDE (_etext = .)
                [!provide]                        PROVIDE (_eitcm = .)

.preinit_array  0x00000000000032f4        0x0
                [!provide]                        PROVIDE (__preinit_array_start = .)
 *(.preinit_array)
                [!provide]                        PROVIDE (__preinit_array_end = .)

.init_array     0x00000000000032f4        0x4
                [!provide]                        PROVIDE (__init_array_start = .)
 *(SORT_BY_INIT_PRIORITY(.init_array.*) SORT_BY_INIT_PRIORITY(.ctors.*))
 *(.init_array EXCLUDE_FILE(*crtend?.o *crtend.o *crtbegin?.o *crtbegin.o) .ctors)
 .init_array    0x00000000000032f4        0x4 ./User/main.o
                [!provide]                        PROVIDE (__init_array_end = .)

.fini_array     0x00000000000032f8        0x0
                [!provide]                        PROVIDE (__fini_array_start = .)
 *(SORT_BY_INIT_PRIORITY(.fini_array.*) SORT_BY_INIT_PRIORITY(.dtors.*))
 *(.fini_array EXCLUDE_FILE(*crtend?.o *crtend.o *crtbegin?.o *crtbegin.o) .dtors)
                [!provide]                        PROVIDE (__fini_array_end = .)

.ctors
 *crtbegin.o(.ctors)
 *crtbegin?.o(.ctors)
 *(EXCLUDE_FILE(*crtend?.o *crtend.o) .ctors)
 *(SORT_BY_NAME(.ctors.*))
 *(.ctors)

.dtors
 *crtbegin.o(.dtors)
 *crtbegin?.o(.dtors)
 *(EXCLUDE_FILE(*crtend?.o *crtend.o) .dtors)
 *(SORT_BY_NAME(.dtors.*))
 *(.dtors)

.dalign         0x000000002000000c        0x0 load address 0x00000000000032f8
                0x000000002000000c                . = ALIGN (0x4)
                0x000000002000000c                PROVIDE (_data_vma = .)

.dlalign        0x00000000000032f8        0x0
                0x00000000000032f8                . = ALIGN (0x4)
                0x00000000000032f8                PROVIDE (_data_lma = .)

.data           0x000000002000000c       0x3c load address 0x00000000000032f8
                0x000000002000000c                . = ALIGN (0x4)
 *(.gnu.linkonce.r.*)
 *(.data .data.*)
 .data.configCurrentPower
                0x000000002000000c        0x2 ./User/main.o
                0x000000002000000c                configCurrentPower
 *fill*         0x000000002000000e        0x2 
 .data.AHBPrescTable
                0x0000000020000010       0x10 ./User/system_ch32v00x.o
                0x0000000020000010                AHBPrescTable
 .data.SystemCoreClock
                0x0000000020000020        0x4 ./User/system_ch32v00x.o
                0x0000000020000020                SystemCoreClock
 .data.ADCPrescTable
                0x0000000020000024       0x14 ./Peripheral/src/ch32v00x_rcc.o
 .data.APBAHBPrescTable
                0x0000000020000038       0x10 ./Peripheral/src/ch32v00x_rcc.o
 *(.gnu.linkonce.d.*)
                0x0000000020000048                . = ALIGN (0x8)
                0x0000000020000848                PROVIDE (__global_pointer$ = (. + 0x800))
 *(.sdata .sdata.*)
 *(.sdata2*)
 *(.gnu.linkonce.s.*)
                0x0000000020000048                . = ALIGN (0x8)
 *(.srodata.cst16)
 *(.srodata.cst8)
 *(.srodata.cst4)
 *(.srodata.cst2)
 *(.srodata .srodata.*)
                0x0000000020000048                . = ALIGN (0x4)
                0x0000000020000048                PROVIDE (_edata = .)

.bss            0x0000000020000048       0x7c load address 0x0000000000003334
                0x0000000020000048                . = ALIGN (0x4)
                0x0000000020000048                PROVIDE (_sbss = .)
 *(.sbss*)
 *(.gnu.linkonce.sb.*)
 *(.bss*)
 .bss.millisec  0x0000000020000048        0x8 ./User/ch32v00x_it.o
                0x0000000020000048                millisec
 .bss.b         0x0000000020000050       0x18 ./User/main.o
                0x0000000020000050                b
 .bss.comandMotorOn
                0x0000000020000068        0x2 ./User/main.o
                0x0000000020000068                comandMotorOn
 *fill*         0x000000002000006a        0x2 
 .bss.eeprom_boostEnable
                0x000000002000006c       0x10 ./User/main.o
                0x000000002000006c                eeprom_boostEnable
 .bss.eeprom_boostPower
                0x000000002000007c       0x10 ./User/main.o
                0x000000002000007c                eeprom_boostPower
 .bss.eeprom_boostTime
                0x000000002000008c       0x10 ./User/main.o
                0x000000002000008c                eeprom_boostTime
 .bss.eeprom_power
                0x000000002000009c       0x10 ./User/main.o
                0x000000002000009c                eeprom_power
 .bss.pwm       0x00000000200000ac        0x4 ./User/main.o
                0x00000000200000ac                pwm
 .bss.screen    0x00000000200000b0        0x4 ./User/main.o
                0x00000000200000b0                screen
 .bss._ZZ12ScreenNormalE4step
                0x00000000200000b4        0x4 ./User/screens.o
 .bss._ZZ15ScreenBoostTimeE4step
                0x00000000200000b8        0x4 ./User/screens.o
 .bss.NVIC_Priority_Group
                0x00000000200000bc        0x4 ./Peripheral/src/ch32v00x_misc.o
                0x00000000200000bc                NVIC_Priority_Group
 .bss.p_ms      0x00000000200000c0        0x2 ./Debug/debug.o
 .bss.p_us      0x00000000200000c2        0x1 ./Debug/debug.o
 *(.gnu.linkonce.b.*)
 *(COMMON*)
                0x00000000200000c4                . = ALIGN (0x4)
 *fill*         0x00000000200000c3        0x1 
                0x00000000200000c4                PROVIDE (_ebss = .)
                0x00000000200000c4                PROVIDE (_end = _ebss)
                [!provide]                        PROVIDE (end = .)

.stack          0x0000000020000700      0x100
                0x0000000020000700                PROVIDE (_heap_end = .)
                0x0000000020000700                . = ALIGN (0x4)
                [!provide]                        PROVIDE (_susrstack = .)
                0x0000000020000800                . = (. + __stack_size)
 *fill*         0x0000000020000700      0x100 
                0x0000000020000800                PROVIDE (_eusrstack = .)
OUTPUT(Standby_Mode.elf elf32-littleriscv)

.debug_info     0x0000000000000000    0x13c8f
 .debug_info    0x0000000000000000     0x1683 ./User/buzzer.o
 .debug_info    0x0000000000001683      0xce5 ./User/ch32v00x_it.o
 .debug_info    0x0000000000002368      0xcc4 ./User/init.o
 .debug_info    0x000000000000302c     0x2fca ./User/main.o
 .debug_info    0x0000000000005ff6     0x1f13 ./User/screens.o
 .debug_info    0x0000000000007f09      0xc59 ./User/system_ch32v00x.o
 .debug_info    0x0000000000008b62       0x22 ./Startup/startup_ch32v00x.o
 .debug_info    0x0000000000008b84      0xc71 ./Peripheral/src/ch32v00x_exti.o
 .debug_info    0x00000000000097f5     0x14d5 ./Peripheral/src/ch32v00x_flash.o
 .debug_info    0x000000000000acca     0x1088 ./Peripheral/src/ch32v00x_gpio.o
 .debug_info    0x000000000000bd52      0xe31 ./Peripheral/src/ch32v00x_misc.o
 .debug_info    0x000000000000cb83      0xf54 ./Peripheral/src/ch32v00x_pwr.o
 .debug_info    0x000000000000dad7     0x10e0 ./Peripheral/src/ch32v00x_rcc.o
 .debug_info    0x000000000000ebb7     0x29d3 ./Peripheral/src/ch32v00x_tim.o
 .debug_info    0x000000000001158a     0x13a5 ./Peripheral/src/ch32v00x_usart.o
 .debug_info    0x000000000001292f     0x1017 ./Debug/debug.o
 .debug_info    0x0000000000013946      0x349 ./Core/core_riscv.o

.debug_abbrev   0x0000000000000000     0x3592
 .debug_abbrev  0x0000000000000000      0x337 ./User/buzzer.o
 .debug_abbrev  0x0000000000000337      0x263 ./User/ch32v00x_it.o
 .debug_abbrev  0x000000000000059a      0x247 ./User/init.o
 .debug_abbrev  0x00000000000007e1      0x6a9 ./User/main.o
 .debug_abbrev  0x0000000000000e8a      0x558 ./User/screens.o
 .debug_abbrev  0x00000000000013e2      0x297 ./User/system_ch32v00x.o
 .debug_abbrev  0x0000000000001679       0x12 ./Startup/startup_ch32v00x.o
 .debug_abbrev  0x000000000000168b      0x2da ./Peripheral/src/ch32v00x_exti.o
 .debug_abbrev  0x0000000000001965      0x3fa ./Peripheral/src/ch32v00x_flash.o
 .debug_abbrev  0x0000000000001d5f      0x309 ./Peripheral/src/ch32v00x_gpio.o
 .debug_abbrev  0x0000000000002068      0x2e1 ./Peripheral/src/ch32v00x_misc.o
 .debug_abbrev  0x0000000000002349      0x359 ./Peripheral/src/ch32v00x_pwr.o
 .debug_abbrev  0x00000000000026a2      0x389 ./Peripheral/src/ch32v00x_rcc.o
 .debug_abbrev  0x0000000000002a2b      0x408 ./Peripheral/src/ch32v00x_tim.o
 .debug_abbrev  0x0000000000002e33      0x323 ./Peripheral/src/ch32v00x_usart.o
 .debug_abbrev  0x0000000000003156      0x32f ./Debug/debug.o
 .debug_abbrev  0x0000000000003485      0x10d ./Core/core_riscv.o

.debug_loc      0x0000000000000000     0x4989
 .debug_loc     0x0000000000000000      0x381 ./User/buzzer.o
 .debug_loc     0x0000000000000381      0x7c7 ./User/main.o
 .debug_loc     0x0000000000000b48      0x1cd ./User/screens.o
 .debug_loc     0x0000000000000d15       0x55 ./User/system_ch32v00x.o
 .debug_loc     0x0000000000000d6a      0x181 ./Peripheral/src/ch32v00x_exti.o
 .debug_loc     0x0000000000000eeb      0xad0 ./Peripheral/src/ch32v00x_flash.o
 .debug_loc     0x00000000000019bb      0x5e2 ./Peripheral/src/ch32v00x_gpio.o
 .debug_loc     0x0000000000001f9d       0x47 ./Peripheral/src/ch32v00x_misc.o
 .debug_loc     0x0000000000001fe4      0x19a ./Peripheral/src/ch32v00x_pwr.o
 .debug_loc     0x000000000000217e      0x5e3 ./Peripheral/src/ch32v00x_rcc.o
 .debug_loc     0x0000000000002761     0x1936 ./Peripheral/src/ch32v00x_tim.o
 .debug_loc     0x0000000000004097      0x735 ./Peripheral/src/ch32v00x_usart.o
 .debug_loc     0x00000000000047cc      0x1bd ./Debug/debug.o

.debug_aranges  0x0000000000000000      0xa80
 .debug_aranges
                0x0000000000000000       0xe8 ./User/buzzer.o
 .debug_aranges
                0x00000000000000e8       0x30 ./User/ch32v00x_it.o
 .debug_aranges
                0x0000000000000118       0x20 ./User/init.o
 .debug_aranges
                0x0000000000000138       0x58 ./User/main.o
 .debug_aranges
                0x0000000000000190       0x68 ./User/screens.o
 .debug_aranges
                0x00000000000001f8       0x28 ./User/system_ch32v00x.o
 .debug_aranges
                0x0000000000000220       0x30 ./Startup/startup_ch32v00x.o
 .debug_aranges
                0x0000000000000250       0x50 ./Peripheral/src/ch32v00x_exti.o
 .debug_aranges
                0x00000000000002a0      0x110 ./Peripheral/src/ch32v00x_flash.o
 .debug_aranges
                0x00000000000003b0       0x98 ./Peripheral/src/ch32v00x_gpio.o
 .debug_aranges
                0x0000000000000448       0x28 ./Peripheral/src/ch32v00x_misc.o
 .debug_aranges
                0x0000000000000470       0x58 ./Peripheral/src/ch32v00x_pwr.o
 .debug_aranges
                0x00000000000004c8       0xe0 ./Peripheral/src/ch32v00x_rcc.o
 .debug_aranges
                0x00000000000005a8      0x2d8 ./Peripheral/src/ch32v00x_tim.o
 .debug_aranges
                0x0000000000000880      0x100 ./Peripheral/src/ch32v00x_usart.o
 .debug_aranges
                0x0000000000000980       0x58 ./Debug/debug.o
 .debug_aranges
                0x00000000000009d8       0xa8 ./Core/core_riscv.o

.debug_ranges   0x0000000000000000      0xae0
 .debug_ranges  0x0000000000000000       0xf0 ./User/buzzer.o
 .debug_ranges  0x00000000000000f0       0x40 ./User/ch32v00x_it.o
 .debug_ranges  0x0000000000000130       0x10 ./User/init.o
 .debug_ranges  0x0000000000000140       0xb8 ./User/main.o
 .debug_ranges  0x00000000000001f8       0x88 ./User/screens.o
 .debug_ranges  0x0000000000000280       0x18 ./User/system_ch32v00x.o
 .debug_ranges  0x0000000000000298       0x28 ./Startup/startup_ch32v00x.o
 .debug_ranges  0x00000000000002c0       0x40 ./Peripheral/src/ch32v00x_exti.o
 .debug_ranges  0x0000000000000300      0x100 ./Peripheral/src/ch32v00x_flash.o
 .debug_ranges  0x0000000000000400       0x88 ./Peripheral/src/ch32v00x_gpio.o
 .debug_ranges  0x0000000000000488       0x30 ./Peripheral/src/ch32v00x_misc.o
 .debug_ranges  0x00000000000004b8       0x90 ./Peripheral/src/ch32v00x_pwr.o
 .debug_ranges  0x0000000000000548       0xd0 ./Peripheral/src/ch32v00x_rcc.o
 .debug_ranges  0x0000000000000618      0x2f8 ./Peripheral/src/ch32v00x_tim.o
 .debug_ranges  0x0000000000000910       0xf0 ./Peripheral/src/ch32v00x_usart.o
 .debug_ranges  0x0000000000000a00       0x48 ./Debug/debug.o
 .debug_ranges  0x0000000000000a48       0x98 ./Core/core_riscv.o

.debug_line     0x0000000000000000     0xd865
 .debug_line    0x0000000000000000      0xa46 ./User/buzzer.o
 .debug_line    0x0000000000000a46      0x3b5 ./User/ch32v00x_it.o
 .debug_line    0x0000000000000dfb      0x4c8 ./User/init.o
 .debug_line    0x00000000000012c3     0x1674 ./User/main.o
 .debug_line    0x0000000000002937     0x1220 ./User/screens.o
 .debug_line    0x0000000000003b57      0x4f7 ./User/system_ch32v00x.o
 .debug_line    0x000000000000404e      0x14c ./Startup/startup_ch32v00x.o
 .debug_line    0x000000000000419a      0x647 ./Peripheral/src/ch32v00x_exti.o
 .debug_line    0x00000000000047e1     0x1ca0 ./Peripheral/src/ch32v00x_flash.o
 .debug_line    0x0000000000006481      0xc6e ./Peripheral/src/ch32v00x_gpio.o
 .debug_line    0x00000000000070ef      0x455 ./Peripheral/src/ch32v00x_misc.o
 .debug_line    0x0000000000007544      0x7ba ./Peripheral/src/ch32v00x_pwr.o
 .debug_line    0x0000000000007cfe      0xe75 ./Peripheral/src/ch32v00x_rcc.o
 .debug_line    0x0000000000008b73     0x302a ./Peripheral/src/ch32v00x_tim.o
 .debug_line    0x000000000000bb9d      0xf63 ./Peripheral/src/ch32v00x_usart.o
 .debug_line    0x000000000000cb00      0x8e9 ./Debug/debug.o
 .debug_line    0x000000000000d3e9      0x47c ./Core/core_riscv.o

.debug_str      0x0000000000000000     0x3702
 .debug_str     0x0000000000000000      0x7bb ./User/buzzer.o
                                        0x86a (size before relaxing)
 .debug_str     0x00000000000007bb       0xed ./User/ch32v00x_it.o
                                        0x72e (size before relaxing)
 .debug_str     0x00000000000008a8      0x177 ./User/init.o
                                        0x7fe (size before relaxing)
 .debug_str     0x0000000000000a1f     0x11ad ./User/main.o
                                       0x1a9f (size before relaxing)
 .debug_str     0x0000000000001bcc       0x49 ./User/screens.o
                                       0x11c2 (size before relaxing)
 .debug_str     0x0000000000001c15       0xef ./User/system_ch32v00x.o
                                        0x76d (size before relaxing)
 .debug_str     0x0000000000001d04       0x2e ./Startup/startup_ch32v00x.o
                                         0x4b (size before relaxing)
 .debug_str     0x0000000000001d32       0xf2 ./Peripheral/src/ch32v00x_exti.o
                                        0x804 (size before relaxing)
 .debug_str     0x0000000000001e24      0x37c ./Peripheral/src/ch32v00x_flash.o
                                        0xb18 (size before relaxing)
 .debug_str     0x00000000000021a0      0x192 ./Peripheral/src/ch32v00x_gpio.o
                                        0x9a6 (size before relaxing)
 .debug_str     0x0000000000002332       0xf9 ./Peripheral/src/ch32v00x_misc.o
                                        0x982 (size before relaxing)
 .debug_str     0x000000000000242b      0x131 ./Peripheral/src/ch32v00x_pwr.o
                                        0x862 (size before relaxing)
 .debug_str     0x000000000000255c      0x2a2 ./Peripheral/src/ch32v00x_rcc.o
                                        0xa14 (size before relaxing)
 .debug_str     0x00000000000027fe      0x965 ./Peripheral/src/ch32v00x_tim.o
                                       0x12ce (size before relaxing)
 .debug_str     0x0000000000003163      0x41a ./Peripheral/src/ch32v00x_usart.o
                                        0xb63 (size before relaxing)
 .debug_str     0x000000000000357d       0x92 ./Debug/debug.o
                                        0x98e (size before relaxing)
 .debug_str     0x000000000000360f       0xf3 ./Core/core_riscv.o
                                        0x287 (size before relaxing)

.comment        0x0000000000000000       0x33
 .comment       0x0000000000000000       0x33 ./User/buzzer.o
                                         0x34 (size before relaxing)
 .comment       0x0000000000000033       0x34 ./User/ch32v00x_it.o
 .comment       0x0000000000000033       0x34 ./User/init.o
 .comment       0x0000000000000033       0x34 ./User/main.o
 .comment       0x0000000000000033       0x34 ./User/screens.o
 .comment       0x0000000000000033       0x34 ./User/system_ch32v00x.o
 .comment       0x0000000000000033       0x34 ./Peripheral/src/ch32v00x_exti.o
 .comment       0x0000000000000033       0x34 ./Peripheral/src/ch32v00x_flash.o
 .comment       0x0000000000000033       0x34 ./Peripheral/src/ch32v00x_gpio.o
 .comment       0x0000000000000033       0x34 ./Peripheral/src/ch32v00x_misc.o
 .comment       0x0000000000000033       0x34 ./Peripheral/src/ch32v00x_pwr.o
 .comment       0x0000000000000033       0x34 ./Peripheral/src/ch32v00x_rcc.o
 .comment       0x0000000000000033       0x34 ./Peripheral/src/ch32v00x_tim.o
 .comment       0x0000000000000033       0x34 ./Peripheral/src/ch32v00x_usart.o
 .comment       0x0000000000000033       0x34 ./Debug/debug.o
 .comment       0x0000000000000033       0x34 ./Core/core_riscv.o
 .comment       0x0000000000000033       0x34 c:/mounriver/mounriver_studio2/resources/app/resources/win32/components/wch/toolchain/risc-v embedded gcc/bin/../lib/gcc/riscv-none-embed/8.2.0/../../../../riscv-none-embed/lib/rv32ecxw/ilp32e\libprintf.a(wchprintf.o)

.debug_frame    0x0000000000000000     0x15f0
 .debug_frame   0x0000000000000000      0x2f4 ./User/buzzer.o
 .debug_frame   0x00000000000002f4       0x50 ./User/ch32v00x_it.o
 .debug_frame   0x0000000000000344       0x38 ./User/init.o
 .debug_frame   0x000000000000037c       0x50 ./User/system_ch32v00x.o
 .debug_frame   0x00000000000003cc       0x90 ./Peripheral/src/ch32v00x_exti.o
 .debug_frame   0x000000000000045c      0x324 ./Peripheral/src/ch32v00x_flash.o
 .debug_frame   0x0000000000000780      0x154 ./Peripheral/src/ch32v00x_gpio.o
 .debug_frame   0x00000000000008d4       0x30 ./Peripheral/src/ch32v00x_misc.o
 .debug_frame   0x0000000000000904       0xb8 ./Peripheral/src/ch32v00x_pwr.o
 .debug_frame   0x00000000000009bc      0x1dc ./Peripheral/src/ch32v00x_rcc.o
 .debug_frame   0x0000000000000b98      0x624 ./Peripheral/src/ch32v00x_tim.o
 .debug_frame   0x00000000000011bc      0x204 ./Peripheral/src/ch32v00x_usart.o
 .debug_frame   0x00000000000013c0      0x100 ./Debug/debug.o
 .debug_frame   0x00000000000014c0      0x130 ./Core/core_riscv.o
